java.lang.StackOverflowError
	at scala.reflect.internal.Symbols$Symbol.isConstructor(Symbols.scala:600)
	at scala.tools.nsc.typechecker.Contexts$Context.nextOuter(Contexts.scala:605)
	at scala.tools.nsc.typechecker.Contexts$Context.implicitss(Contexts.scala:843)
	at scala.tools.nsc.typechecker.Contexts$Context.withOuter$1(Contexts.scala:845)
	at scala.tools.nsc.typechecker.Contexts$Context.implicitss(Contexts.scala:866)
	at scala.tools.nsc.typechecker.Contexts$Context.withOuter$1(Contexts.scala:845)
	at scala.tools.nsc.typechecker.Contexts$Context.implicitss(Contexts.scala:866)
	at scala.tools.nsc.typechecker.Contexts$Context.withOuter$1(Contexts.scala:847)
	at scala.tools.nsc.typechecker.Contexts$Context.implicitss(Contexts.scala:866)
	at scala.tools.nsc.typechecker.Contexts$Context.withOuter$1(Contexts.scala:845)
	at scala.tools.nsc.typechecker.Contexts$Context.implicitss(Contexts.scala:866)
	at scala.tools.nsc.typechecker.Contexts$Context.withOuter$1(Contexts.scala:845)
	at scala.tools.nsc.typechecker.Contexts$Context.implicitss(Contexts.scala:866)
	at scala.tools.nsc.typechecker.Contexts$Context.withOuter$1(Contexts.scala:845)
	at scala.tools.nsc.typechecker.Contexts$Context.implicitss(Contexts.scala:866)
	at scala.tools.nsc.typechecker.Contexts$Context.withOuter$1(Contexts.scala:845)
	at scala.tools.nsc.typechecker.Contexts$Context.implicitss(Contexts.scala:866)
	at scala.tools.nsc.typechecker.Contexts$Context.withOuter$1(Contexts.scala:845)
	at scala.tools.nsc.typechecker.Contexts$Context.implicitss(Contexts.scala:866)
	at scala.tools.nsc.typechecker.Contexts$Context.withOuter$1(Contexts.scala:845)
	at scala.tools.nsc.typechecker.Contexts$Context.implicitss(Contexts.scala:866)
	at scala.tools.nsc.typechecker.Contexts$Context.withOuter$1(Contexts.scala:845)
	at scala.tools.nsc.typechecker.Contexts$Context.implicitss(Contexts.scala:866)
	at scala.tools.nsc.typechecker.Contexts$Context.withOuter$1(Contexts.scala:845)
	at scala.tools.nsc.typechecker.Contexts$Context.implicitss(Contexts.scala:866)
	at scala.tools.nsc.typechecker.Contexts$Context.withOuter$1(Contexts.scala:845)
	at scala.tools.nsc.typechecker.Contexts$Context.implicitss(Contexts.scala:866)
	at scala.tools.nsc.typechecker.Contexts$Context.withOuter$1(Contexts.scala:845)
	at scala.tools.nsc.typechecker.Contexts$Context.implicitss(Contexts.scala:866)
	at scala.tools.nsc.typechecker.Contexts$Context.withOuter$1(Contexts.scala:845)
	at scala.tools.nsc.typechecker.Contexts$Context.implicitss(Contexts.scala:866)
	at scala.tools.nsc.typechecker.Contexts$Context.withOuter$1(Contexts.scala:845)
	at scala.tools.nsc.typechecker.Contexts$Context.implicitss(Contexts.scala:866)
	at scala.tools.nsc.typechecker.Contexts$Context.withOuter$1(Contexts.scala:845)
	at scala.tools.nsc.typechecker.Contexts$Context.implicitss(Contexts.scala:866)
	at scala.tools.nsc.typechecker.Contexts$Context.withOuter$1(Contexts.scala:845)
	at scala.tools.nsc.typechecker.Contexts$Context.implicitss(Contexts.scala:866)
	at scala.tools.nsc.typechecker.Contexts$Context.withOuter$1(Contexts.scala:845)
	at scala.tools.nsc.typechecker.Contexts$Context.implicitss(Contexts.scala:866)
	at scala.tools.nsc.typechecker.Contexts$Context.withOuter$1(Contexts.scala:845)
	at scala.tools.nsc.typechecker.Contexts$Context.implicitss(Contexts.scala:866)
	at scala.tools.nsc.typechecker.Contexts$Context.withOuter$1(Contexts.scala:845)
	at scala.tools.nsc.typechecker.Contexts$Context.implicitss(Contexts.scala:866)
	at scala.tools.nsc.typechecker.Contexts$Context.withOuter$1(Contexts.scala:845)
	at scala.tools.nsc.typechecker.Contexts$Context.implicitss(Contexts.scala:866)
	at scala.tools.nsc.typechecker.Contexts$Context.withOuter$1(Contexts.scala:845)
	at scala.tools.nsc.typechecker.Contexts$Context.implicitss(Contexts.scala:866)
	at scala.tools.nsc.typechecker.Contexts$Context.withOuter$1(Contexts.scala:845)
	at scala.tools.nsc.typechecker.Contexts$Context.implicitss(Contexts.scala:866)
	at scala.tools.nsc.typechecker.Contexts$Context.withOuter$1(Contexts.scala:845)
	at scala.tools.nsc.typechecker.Contexts$Context.implicitss(Contexts.scala:866)
	at scala.tools.nsc.typechecker.Contexts$Context.withOuter$1(Contexts.scala:845)
	at scala.tools.nsc.typechecker.Contexts$Context.implicitss(Contexts.scala:866)
	at scala.tools.nsc.typechecker.Contexts$Context.withOuter$1(Contexts.scala:845)
	at scala.tools.nsc.typechecker.Contexts$Context.implicitss(Contexts.scala:866)
	at scala.tools.nsc.typechecker.Contexts$Context.withOuter$1(Contexts.scala:845)
	at scala.tools.nsc.typechecker.Contexts$Context.implicitss(Contexts.scala:866)
	at scala.tools.nsc.typechecker.Contexts$Context.withOuter$1(Contexts.scala:845)
	at scala.tools.nsc.typechecker.Contexts$Context.implicitss(Contexts.scala:866)
	at scala.tools.nsc.typechecker.Contexts$Context.withOuter$1(Contexts.scala:845)
	at scala.tools.nsc.typechecker.Contexts$Context.implicitss(Contexts.scala:866)
	at scala.tools.nsc.typechecker.Contexts$Context.withOuter$1(Contexts.scala:845)
	at scala.tools.nsc.typechecker.Contexts$Context.implicitss(Contexts.scala:866)
	at scala.tools.nsc.typechecker.Contexts$Context.withOuter$1(Contexts.scala:845)
	at scala.tools.nsc.typechecker.Contexts$Context.implicitss(Contexts.scala:866)
	at scala.tools.nsc.typechecker.Contexts$Context.withOuter$1(Contexts.scala:845)
	at scala.tools.nsc.typechecker.Contexts$Context.implicitss(Contexts.scala:866)
	at scala.tools.nsc.typechecker.Contexts$Context.withOuter$1(Contexts.scala:845)
	at scala.tools.nsc.typechecker.Contexts$Context.implicitss(Contexts.scala:866)
	at scala.tools.nsc.typechecker.Contexts$Context.withOuter$1(Contexts.scala:845)
	at scala.tools.nsc.typechecker.Contexts$Context.implicitss(Contexts.scala:866)
	at scala.tools.nsc.typechecker.Contexts$Context.withOuter$1(Contexts.scala:845)
	at scala.tools.nsc.typechecker.Contexts$Context.implicitss(Contexts.scala:866)
	at scala.tools.nsc.typechecker.Contexts$Context.withOuter$1(Contexts.scala:845)
	at scala.tools.nsc.typechecker.Contexts$Context.implicitss(Contexts.scala:866)
	at scala.tools.nsc.typechecker.Contexts$Context.withOuter$1(Contexts.scala:845)
	at scala.tools.nsc.typechecker.Contexts$Context.implicitss(Contexts.scala:866)
	at scala.tools.nsc.typechecker.Contexts$Context.withOuter$1(Contexts.scala:845)
	at scala.tools.nsc.typechecker.Contexts$Context.implicitss(Contexts.scala:866)
	at scala.tools.nsc.typechecker.Contexts$Context.withOuter$1(Contexts.scala:845)
	at scala.tools.nsc.typechecker.Contexts$Context.implicitss(Contexts.scala:866)
	at scala.tools.nsc.typechecker.Contexts$Context.withOuter$1(Contexts.scala:845)
	at scala.tools.nsc.typechecker.Contexts$Context.implicitss(Contexts.scala:866)
	at scala.tools.nsc.typechecker.Contexts$Context.withOuter$1(Contexts.scala:845)
	at scala.tools.nsc.typechecker.Contexts$Context.implicitss(Contexts.scala:866)
	at scala.tools.nsc.typechecker.Contexts$Context.withOuter$1(Contexts.scala:845)
	at scala.tools.nsc.typechecker.Contexts$Context.implicitss(Contexts.scala:866)
	at scala.tools.nsc.typechecker.Contexts$Context.withOuter$1(Contexts.scala:845)
	at scala.tools.nsc.typechecker.Contexts$Context.implicitss(Contexts.scala:866)
	at scala.tools.nsc.typechecker.Contexts$Context.withOuter$1(Contexts.scala:845)
	at scala.tools.nsc.typechecker.Contexts$Context.implicitss(Contexts.scala:866)
	at scala.tools.nsc.typechecker.Contexts$Context.withOuter$1(Contexts.scala:845)
	at scala.tools.nsc.typechecker.Contexts$Context.implicitss(Contexts.scala:866)
	at scala.tools.nsc.typechecker.Contexts$Context.withOuter$1(Contexts.scala:845)
	at scala.tools.nsc.typechecker.Contexts$Context.implicitss(Contexts.scala:866)
	at scala.tools.nsc.typechecker.Contexts$Context.withOuter$1(Contexts.scala:845)
	at scala.tools.nsc.typechecker.Contexts$Context.implicitss(Contexts.scala:866)
	at scala.tools.nsc.typechecker.Contexts$Context.withOuter$1(Contexts.scala:845)
	at scala.tools.nsc.typechecker.Contexts$Context.implicitss(Contexts.scala:866)
	at scala.tools.nsc.typechecker.Contexts$Context.withOuter$1(Contexts.scala:845)
	at scala.tools.nsc.typechecker.Contexts$Context.implicitss(Contexts.scala:866)
	at scala.tools.nsc.typechecker.Contexts$Context.withOuter$1(Contexts.scala:845)
	at scala.tools.nsc.typechecker.Contexts$Context.implicitss(Contexts.scala:866)
	at scala.tools.nsc.typechecker.Contexts$Context.withOuter$1(Contexts.scala:845)
	at scala.tools.nsc.typechecker.Contexts$Context.implicitss(Contexts.scala:866)
	at scala.tools.nsc.typechecker.Contexts$Context.withOuter$1(Contexts.scala:845)
	at scala.tools.nsc.typechecker.Contexts$Context.implicitss(Contexts.scala:866)
	at scala.tools.nsc.typechecker.Contexts$Context.withOuter$1(Contexts.scala:845)
	at scala.tools.nsc.typechecker.Contexts$Context.implicitss(Contexts.scala:866)
	at scala.tools.nsc.typechecker.Contexts$Context.withOuter$1(Contexts.scala:845)
	at scala.tools.nsc.typechecker.Contexts$Context.implicitss(Contexts.scala:866)
	at scala.tools.nsc.typechecker.Contexts$Context.withOuter$1(Contexts.scala:845)
	at scala.tools.nsc.typechecker.Contexts$Context.implicitss(Contexts.scala:866)
	at scala.tools.nsc.typechecker.Contexts$Context.withOuter$1(Contexts.scala:845)
	at scala.tools.nsc.typechecker.Contexts$Context.implicitss(Contexts.scala:866)
	at scala.tools.nsc.typechecker.Contexts$Context.withOuter$1(Contexts.scala:845)
	at scala.tools.nsc.typechecker.Contexts$Context.implicitss(Contexts.scala:866)
	at scala.tools.nsc.typechecker.Contexts$Context.withOuter$1(Contexts.scala:845)
	at scala.tools.nsc.typechecker.Contexts$Context.implicitss(Contexts.scala:866)
	at scala.tools.nsc.typechecker.Contexts$Context.withOuter$1(Contexts.scala:845)
	at scala.tools.nsc.typechecker.Contexts$Context.implicitss(Contexts.scala:866)
	at scala.tools.nsc.typechecker.Contexts$Context.withOuter$1(Contexts.scala:845)
	at scala.tools.nsc.typechecker.Contexts$Context.implicitss(Contexts.scala:866)
	at scala.tools.nsc.typechecker.Contexts$Context.withOuter$1(Contexts.scala:845)
	at scala.tools.nsc.typechecker.Contexts$Context.implicitss(Contexts.scala:866)
	at scala.tools.nsc.typechecker.Contexts$Context.withOuter$1(Contexts.scala:845)
	at scala.tools.nsc.typechecker.Contexts$Context.implicitss(Contexts.scala:866)
	at scala.tools.nsc.typechecker.Contexts$Context.withOuter$1(Contexts.scala:845)
	at scala.tools.nsc.typechecker.Contexts$Context.implicitss(Contexts.scala:866)
	at scala.tools.nsc.typechecker.Contexts$Context.withOuter$1(Contexts.scala:845)
	at scala.tools.nsc.typechecker.Contexts$Context.implicitss(Contexts.scala:866)
	at scala.tools.nsc.typechecker.Contexts$Context.withOuter$1(Contexts.scala:845)
	at scala.tools.nsc.typechecker.Contexts$Context.implicitss(Contexts.scala:866)
	at scala.tools.nsc.typechecker.Contexts$Context.withOuter$1(Contexts.scala:845)
	at scala.tools.nsc.typechecker.Contexts$Context.implicitss(Contexts.scala:866)
	at scala.tools.nsc.typechecker.Contexts$Context.withOuter$1(Contexts.scala:845)
	at scala.tools.nsc.typechecker.Contexts$Context.implicitss(Contexts.scala:866)
	at scala.tools.nsc.typechecker.Contexts$Context.withOuter$1(Contexts.scala:845)
	at scala.tools.nsc.typechecker.Contexts$Context.implicitss(Contexts.scala:866)
	at scala.tools.nsc.typechecker.Contexts$Context.withOuter$1(Contexts.scala:845)
	at scala.tools.nsc.typechecker.Contexts$Context.implicitss(Contexts.scala:866)
	at scala.tools.nsc.typechecker.Contexts$Context.withOuter$1(Contexts.scala:845)
	at scala.tools.nsc.typechecker.Contexts$Context.implicitss(Contexts.scala:866)
	at scala.tools.nsc.typechecker.Contexts$Context.withOuter$1(Contexts.scala:845)
	at scala.tools.nsc.typechecker.Contexts$Context.implicitss(Contexts.scala:866)
	at scala.tools.nsc.typechecker.Contexts$Context.withOuter$1(Contexts.scala:845)
	at scala.tools.nsc.typechecker.Contexts$Context.implicitss(Contexts.scala:866)
	at scala.tools.nsc.typechecker.Contexts$Context.withOuter$1(Contexts.scala:845)
	at scala.tools.nsc.typechecker.Contexts$Context.implicitss(Contexts.scala:866)
	at scala.tools.nsc.typechecker.Contexts$Context.withOuter$1(Contexts.scala:845)
	at scala.tools.nsc.typechecker.Contexts$Context.implicitss(Contexts.scala:866)
	at scala.tools.nsc.typechecker.Contexts$Context.withOuter$1(Contexts.scala:845)
	at scala.tools.nsc.typechecker.Contexts$Context.implicitss(Contexts.scala:866)
	at scala.tools.nsc.typechecker.Contexts$Context.withOuter$1(Contexts.scala:845)
	at scala.tools.nsc.typechecker.Contexts$Context.implicitss(Contexts.scala:866)
	at scala.tools.nsc.typechecker.Contexts$Context.withOuter$1(Contexts.scala:845)
	at scala.tools.nsc.typechecker.Contexts$Context.implicitss(Contexts.scala:866)
	at scala.tools.nsc.typechecker.Contexts$Context.withOuter$1(Contexts.scala:845)
	at scala.tools.nsc.typechecker.Contexts$Context.implicitss(Contexts.scala:866)
	at scala.tools.nsc.typechecker.Contexts$Context.withOuter$1(Contexts.scala:845)
	at scala.tools.nsc.typechecker.Contexts$Context.implicitss(Contexts.scala:866)
	at scala.tools.nsc.typechecker.Contexts$Context.withOuter$1(Contexts.scala:845)
	at scala.tools.nsc.typechecker.Contexts$Context.implicitss(Contexts.scala:866)
	at scala.tools.nsc.typechecker.Contexts$Context.withOuter$1(Contexts.scala:845)
	at scala.tools.nsc.typechecker.Contexts$Context.implicitss(Contexts.scala:866)
	at scala.tools.nsc.typechecker.Contexts$Context.withOuter$1(Contexts.scala:845)
	at scala.tools.nsc.typechecker.Contexts$Context.implicitss(Contexts.scala:866)
	at scala.tools.nsc.typechecker.Contexts$Context.withOuter$1(Contexts.scala:845)
	at scala.tools.nsc.typechecker.Contexts$Context.implicitss(Contexts.scala:866)
	at scala.tools.nsc.typechecker.Contexts$Context.withOuter$1(Contexts.scala:845)
	at scala.tools.nsc.typechecker.Contexts$Context.implicitss(Contexts.scala:866)
	at scala.tools.nsc.typechecker.Contexts$Context.withOuter$1(Contexts.scala:845)
	at scala.tools.nsc.typechecker.Contexts$Context.implicitss(Contexts.scala:866)
	at scala.tools.nsc.typechecker.Contexts$Context.withOuter$1(Contexts.scala:845)
	at scala.tools.nsc.typechecker.Contexts$Context.implicitss(Contexts.scala:866)
	at scala.tools.nsc.typechecker.Contexts$Context.withOuter$1(Contexts.scala:845)
	at scala.tools.nsc.typechecker.Contexts$Context.implicitss(Contexts.scala:866)
	at scala.tools.nsc.typechecker.Contexts$Context.withOuter$1(Contexts.scala:845)
	at scala.tools.nsc.typechecker.Contexts$Context.implicitss(Contexts.scala:866)
	at scala.tools.nsc.typechecker.Contexts$Context.withOuter$1(Contexts.scala:845)
	at scala.tools.nsc.typechecker.Contexts$Context.implicitss(Contexts.scala:866)
	at scala.tools.nsc.typechecker.Contexts$Context.withOuter$1(Contexts.scala:845)
	at scala.tools.nsc.typechecker.Contexts$Context.implicitss(Contexts.scala:866)
	at scala.tools.nsc.typechecker.Contexts$Context.withOuter$1(Contexts.scala:845)
	at scala.tools.nsc.typechecker.Contexts$Context.implicitss(Contexts.scala:866)
	at scala.tools.nsc.typechecker.Contexts$Context.withOuter$1(Contexts.scala:845)
	at scala.tools.nsc.typechecker.Contexts$Context.implicitss(Contexts.scala:866)
	at scala.tools.nsc.typechecker.Contexts$Context.withOuter$1(Contexts.scala:845)
	at scala.tools.nsc.typechecker.Contexts$Context.implicitss(Contexts.scala:866)
	at scala.tools.nsc.typechecker.Contexts$Context.withOuter$1(Contexts.scala:845)
	at scala.tools.nsc.typechecker.Contexts$Context.implicitss(Contexts.scala:866)
	at scala.tools.nsc.typechecker.Contexts$Context.withOuter$1(Contexts.scala:845)
	at scala.tools.nsc.typechecker.Contexts$Context.implicitss(Contexts.scala:866)
	at scala.tools.nsc.typechecker.Contexts$Context.withOuter$1(Contexts.scala:845)
	at scala.tools.nsc.typechecker.Contexts$Context.implicitss(Contexts.scala:866)
	at scala.tools.nsc.typechecker.Contexts$Context.withOuter$1(Contexts.scala:845)
	at scala.tools.nsc.typechecker.Contexts$Context.implicitss(Contexts.scala:866)
	at scala.tools.nsc.typechecker.Contexts$Context.withOuter$1(Contexts.scala:845)
	at scala.tools.nsc.typechecker.Contexts$Context.implicitss(Contexts.scala:866)
	at scala.tools.nsc.typechecker.Contexts$Context.withOuter$1(Contexts.scala:845)
	at scala.tools.nsc.typechecker.Contexts$Context.implicitss(Contexts.scala:866)
	at scala.tools.nsc.typechecker.Contexts$Context.withOuter$1(Contexts.scala:845)
	at scala.tools.nsc.typechecker.Contexts$Context.implicitss(Contexts.scala:866)
	at scala.tools.nsc.typechecker.Contexts$Context.withOuter$1(Contexts.scala:845)
	at scala.tools.nsc.typechecker.Contexts$Context.implicitss(Contexts.scala:866)
	at scala.tools.nsc.typechecker.Contexts$Context.withOuter$1(Contexts.scala:845)
	at scala.tools.nsc.typechecker.Contexts$Context.implicitss(Contexts.scala:866)
	at scala.tools.nsc.typechecker.Contexts$Context.withOuter$1(Contexts.scala:845)
	at scala.tools.nsc.typechecker.Contexts$Context.implicitss(Contexts.scala:866)
	at scala.tools.nsc.typechecker.Contexts$Context.withOuter$1(Contexts.scala:845)
	at scala.tools.nsc.typechecker.Contexts$Context.implicitss(Contexts.scala:866)
	at scala.tools.nsc.typechecker.Contexts$Context.withOuter$1(Contexts.scala:845)
	at scala.tools.nsc.typechecker.Contexts$Context.implicitss(Contexts.scala:866)
	at scala.tools.nsc.typechecker.Contexts$Context.withOuter$1(Contexts.scala:845)
	at scala.tools.nsc.typechecker.Contexts$Context.implicitss(Contexts.scala:866)
	at scala.tools.nsc.typechecker.Contexts$Context.withOuter$1(Contexts.scala:845)
	at scala.tools.nsc.typechecker.Contexts$Context.implicitss(Contexts.scala:866)
	at scala.tools.nsc.typechecker.Contexts$Context.withOuter$1(Contexts.scala:845)
	at scala.tools.nsc.typechecker.Contexts$Context.implicitss(Contexts.scala:866)
	at scala.tools.nsc.typechecker.Contexts$Context.withOuter$1(Contexts.scala:845)
	at scala.tools.nsc.typechecker.Contexts$Context.implicitss(Contexts.scala:866)
	at scala.tools.nsc.typechecker.Contexts$Context.withOuter$1(Contexts.scala:845)
	at scala.tools.nsc.typechecker.Contexts$Context.implicitss(Contexts.scala:866)
	at scala.tools.nsc.typechecker.Contexts$Context.withOuter$1(Contexts.scala:845)
	at scala.tools.nsc.typechecker.Contexts$Context.implicitss(Contexts.scala:866)
	at scala.tools.nsc.typechecker.Contexts$Context.withOuter$1(Contexts.scala:845)
	at scala.tools.nsc.typechecker.Contexts$Context.implicitss(Contexts.scala:866)
	at scala.tools.nsc.typechecker.Contexts$Context.withOuter$1(Contexts.scala:845)
	at scala.tools.nsc.typechecker.Contexts$Context.implicitss(Contexts.scala:866)
	at scala.tools.nsc.typechecker.Contexts$Context.withOuter$1(Contexts.scala:845)
	at scala.tools.nsc.typechecker.Contexts$Context.implicitss(Contexts.scala:866)
	at scala.tools.nsc.typechecker.Contexts$Context.withOuter$1(Contexts.scala:845)
	at scala.tools.nsc.typechecker.Contexts$Context.implicitss(Contexts.scala:866)
	at scala.tools.nsc.typechecker.Contexts$Context.withOuter$1(Contexts.scala:845)
	at scala.tools.nsc.typechecker.Contexts$Context.implicitss(Contexts.scala:866)
	at scala.tools.nsc.typechecker.Contexts$Context.withOuter$1(Contexts.scala:845)
	at scala.tools.nsc.typechecker.Contexts$Context.implicitss(Contexts.scala:866)
	at scala.tools.nsc.typechecker.Contexts$Context.withOuter$1(Contexts.scala:845)
	at scala.tools.nsc.typechecker.Contexts$Context.implicitss(Contexts.scala:866)
	at scala.tools.nsc.typechecker.Contexts$Context.withOuter$1(Contexts.scala:845)
	at scala.tools.nsc.typechecker.Contexts$Context.implicitss(Contexts.scala:866)
	at scala.tools.nsc.typechecker.Contexts$Context.withOuter$1(Contexts.scala:845)
	at scala.tools.nsc.typechecker.Contexts$Context.implicitss(Contexts.scala:866)
	at scala.tools.nsc.typechecker.Contexts$Context.withOuter$1(Contexts.scala:845)
	at scala.tools.nsc.typechecker.Contexts$Context.implicitss(Contexts.scala:866)
	at scala.tools.nsc.typechecker.Contexts$Context.withOuter$1(Contexts.scala:845)
	at scala.tools.nsc.typechecker.Contexts$Context.implicitss(Contexts.scala:866)
	at scala.tools.nsc.typechecker.Contexts$Context.withOuter$1(Contexts.scala:845)
	at scala.tools.nsc.typechecker.Contexts$Context.implicitss(Contexts.scala:866)
	at scala.tools.nsc.typechecker.Contexts$Context.withOuter$1(Contexts.scala:845)
	at scala.tools.nsc.typechecker.Contexts$Context.implicitss(Contexts.scala:866)
	at scala.tools.nsc.typechecker.Contexts$Context.withOuter$1(Contexts.scala:845)
	at scala.tools.nsc.typechecker.Contexts$Context.implicitss(Contexts.scala:866)
	at scala.tools.nsc.typechecker.Contexts$Context.withOuter$1(Contexts.scala:845)
	at scala.tools.nsc.typechecker.Contexts$Context.implicitss(Contexts.scala:866)
	at scala.tools.nsc.typechecker.Contexts$Context.withOuter$1(Contexts.scala:845)
	at scala.tools.nsc.typechecker.Contexts$Context.implicitss(Contexts.scala:866)
	at scala.tools.nsc.typechecker.Contexts$Context.withOuter$1(Contexts.scala:845)
	at scala.tools.nsc.typechecker.Contexts$Context.implicitss(Contexts.scala:866)
	at scala.tools.nsc.typechecker.Contexts$Context.withOuter$1(Contexts.scala:845)
	at scala.tools.nsc.typechecker.Contexts$Context.implicitss(Contexts.scala:866)
	at scala.tools.nsc.typechecker.Contexts$Context.withOuter$1(Contexts.scala:845)
	at scala.tools.nsc.typechecker.Contexts$Context.implicitss(Contexts.scala:866)
	at scala.tools.nsc.typechecker.Contexts$Context.withOuter$1(Contexts.scala:845)
	at scala.tools.nsc.typechecker.Contexts$Context.implicitss(Contexts.scala:866)
	at scala.tools.nsc.typechecker.Contexts$Context.withOuter$1(Contexts.scala:845)
	at scala.tools.nsc.typechecker.Contexts$Context.implicitss(Contexts.scala:866)
	at scala.tools.nsc.typechecker.Contexts$Context.withOuter$1(Contexts.scala:845)
	at scala.tools.nsc.typechecker.Contexts$Context.implicitss(Contexts.scala:866)
	at scala.tools.nsc.typechecker.Contexts$Context.withOuter$1(Contexts.scala:845)
	at scala.tools.nsc.typechecker.Contexts$Context.implicitss(Contexts.scala:866)
	at scala.tools.nsc.typechecker.Contexts$Context.withOuter$1(Contexts.scala:845)
	at scala.tools.nsc.typechecker.Contexts$Context.implicitss(Contexts.scala:866)
	at scala.tools.nsc.typechecker.Contexts$Context.withOuter$1(Contexts.scala:845)
	at scala.tools.nsc.typechecker.Contexts$Context.implicitss(Contexts.scala:866)
	at scala.tools.nsc.typechecker.Contexts$Context.withOuter$1(Contexts.scala:845)
	at scala.tools.nsc.typechecker.Contexts$Context.implicitss(Contexts.scala:866)
	at scala.tools.nsc.typechecker.Contexts$Context.withOuter$1(Contexts.scala:845)
	at scala.tools.nsc.typechecker.Contexts$Context.implicitss(Contexts.scala:866)
	at scala.tools.nsc.typechecker.Contexts$Context.withOuter$1(Contexts.scala:845)
	at scala.tools.nsc.typechecker.Contexts$Context.implicitss(Contexts.scala:866)
	at scala.tools.nsc.typechecker.Contexts$Context.withOuter$1(Contexts.scala:845)
	at scala.tools.nsc.typechecker.Contexts$Context.implicitss(Contexts.scala:866)
	at scala.tools.nsc.typechecker.Contexts$Context.withOuter$1(Contexts.scala:845)
	at scala.tools.nsc.typechecker.Contexts$Context.implicitss(Contexts.scala:866)
	at scala.tools.nsc.typechecker.Contexts$Context.withOuter$1(Contexts.scala:845)
	at scala.tools.nsc.typechecker.Contexts$Context.implicitss(Contexts.scala:866)
	at scala.tools.nsc.typechecker.Contexts$Context.withOuter$1(Contexts.scala:845)
	at scala.tools.nsc.typechecker.Contexts$Context.implicitss(Contexts.scala:866)
	at scala.tools.nsc.typechecker.Contexts$Context.withOuter$1(Contexts.scala:845)
	at scala.tools.nsc.typechecker.Contexts$Context.implicitss(Contexts.scala:866)
	at scala.tools.nsc.typechecker.Contexts$Context.withOuter$1(Contexts.scala:845)
	at scala.tools.nsc.typechecker.Contexts$Context.implicitss(Contexts.scala:866)
	at scala.tools.nsc.typechecker.Contexts$Context.withOuter$1(Contexts.scala:845)
	at scala.tools.nsc.typechecker.Contexts$Context.implicitss(Contexts.scala:866)
	at scala.tools.nsc.typechecker.Contexts$Context.withOuter$1(Contexts.scala:845)
	at scala.tools.nsc.typechecker.Contexts$Context.implicitss(Contexts.scala:866)
	at scala.tools.nsc.typechecker.Contexts$Context.withOuter$1(Contexts.scala:845)
	at scala.tools.nsc.typechecker.Contexts$Context.implicitss(Contexts.scala:866)
	at scala.tools.nsc.typechecker.Contexts$Context.withOuter$1(Contexts.scala:845)
	at scala.tools.nsc.typechecker.Contexts$Context.implicitss(Contexts.scala:866)
	at scala.tools.nsc.typechecker.Contexts$Context.withOuter$1(Contexts.scala:845)
	at scala.tools.nsc.typechecker.Contexts$Context.implicitss(Contexts.scala:866)
	at scala.tools.nsc.typechecker.Contexts$Context.withOuter$1(Contexts.scala:845)
	at scala.tools.nsc.typechecker.Contexts$Context.implicitss(Contexts.scala:866)
	at scala.tools.nsc.typechecker.Contexts$Context.withOuter$1(Contexts.scala:845)
	at scala.tools.nsc.typechecker.Contexts$Context.implicitss(Contexts.scala:866)
	at scala.tools.nsc.typechecker.Contexts$Context.withOuter$1(Contexts.scala:845)
	at scala.tools.nsc.typechecker.Contexts$Context.implicitss(Contexts.scala:866)
	at scala.tools.nsc.typechecker.Contexts$Context.withOuter$1(Contexts.scala:845)
	at scala.tools.nsc.typechecker.Contexts$Context.implicitss(Contexts.scala:866)
	at scala.tools.nsc.typechecker.Contexts$Context.withOuter$1(Contexts.scala:845)
	at scala.tools.nsc.typechecker.Contexts$Context.implicitss(Contexts.scala:866)
	at scala.tools.nsc.typechecker.Contexts$Context.withOuter$1(Contexts.scala:845)
	at scala.tools.nsc.typechecker.Contexts$Context.implicitss(Contexts.scala:866)
	at scala.tools.nsc.typechecker.Contexts$Context.withOuter$1(Contexts.scala:845)
	at scala.tools.nsc.typechecker.Contexts$Context.implicitss(Contexts.scala:866)
	at scala.tools.nsc.typechecker.Contexts$Context.withOuter$1(Contexts.scala:845)
	at scala.tools.nsc.typechecker.Contexts$Context.implicitss(Contexts.scala:866)
	at scala.tools.nsc.typechecker.Contexts$Context.withOuter$1(Contexts.scala:845)
	at scala.tools.nsc.typechecker.Contexts$Context.implicitss(Contexts.scala:866)
	at scala.tools.nsc.typechecker.Contexts$Context.withOuter$1(Contexts.scala:845)
	at scala.tools.nsc.typechecker.Contexts$Context.implicitss(Contexts.scala:866)
	at scala.tools.nsc.typechecker.Contexts$Context.withOuter$1(Contexts.scala:845)
	at scala.tools.nsc.typechecker.Contexts$Context.implicitss(Contexts.scala:866)
	at scala.tools.nsc.typechecker.Contexts$Context.withOuter$1(Contexts.scala:845)
	at scala.tools.nsc.typechecker.Contexts$Context.implicitss(Contexts.scala:866)
	at scala.tools.nsc.typechecker.Contexts$Context.withOuter$1(Contexts.scala:845)
	at scala.tools.nsc.typechecker.Contexts$Context.implicitss(Contexts.scala:866)
	at scala.tools.nsc.typechecker.Contexts$Context.withOuter$1(Contexts.scala:845)
	at scala.tools.nsc.typechecker.Contexts$Context.implicitss(Contexts.scala:866)
	at scala.tools.nsc.typechecker.Contexts$Context.withOuter$1(Contexts.scala:845)
	at scala.tools.nsc.typechecker.Contexts$Context.implicitss(Contexts.scala:866)
	at scala.tools.nsc.typechecker.Contexts$Context.withOuter$1(Contexts.scala:845)
	at scala.tools.nsc.typechecker.Contexts$Context.implicitss(Contexts.scala:866)
	at scala.tools.nsc.typechecker.Contexts$Context.withOuter$1(Contexts.scala:845)
	at scala.tools.nsc.typechecker.Contexts$Context.implicitss(Contexts.scala:866)
	at scala.tools.nsc.typechecker.Contexts$Context.withOuter$1(Contexts.scala:845)
	at scala.tools.nsc.typechecker.Contexts$Context.implicitss(Contexts.scala:866)
	at scala.tools.nsc.typechecker.Contexts$Context.withOuter$1(Contexts.scala:845)
	at scala.tools.nsc.typechecker.Contexts$Context.implicitss(Contexts.scala:866)
	at scala.tools.nsc.typechecker.Contexts$Context.withOuter$1(Contexts.scala:845)
	at scala.tools.nsc.typechecker.Contexts$Context.implicitss(Contexts.scala:866)
	at scala.tools.nsc.typechecker.Contexts$Context.withOuter$1(Contexts.scala:845)
	at scala.tools.nsc.typechecker.Contexts$Context.implicitss(Contexts.scala:866)
	at scala.tools.nsc.typechecker.Contexts$Context.withOuter$1(Contexts.scala:845)
	at scala.tools.nsc.typechecker.Contexts$Context.implicitss(Contexts.scala:866)
	at scala.tools.nsc.typechecker.Contexts$Context.withOuter$1(Contexts.scala:845)
	at scala.tools.nsc.typechecker.Contexts$Context.implicitss(Contexts.scala:866)
	at scala.tools.nsc.typechecker.Contexts$Context.withOuter$1(Contexts.scala:845)
	at scala.tools.nsc.typechecker.Contexts$Context.implicitss(Contexts.scala:866)
	at scala.tools.nsc.typechecker.Contexts$Context.withOuter$1(Contexts.scala:845)
	at scala.tools.nsc.typechecker.Contexts$Context.implicitss(Contexts.scala:866)
	at scala.tools.nsc.typechecker.Contexts$Context.withOuter$1(Contexts.scala:845)
	at scala.tools.nsc.typechecker.Contexts$Context.implicitss(Contexts.scala:866)
	at scala.tools.nsc.typechecker.Contexts$Context.withOuter$1(Contexts.scala:845)
	at scala.tools.nsc.typechecker.Contexts$Context.implicitss(Contexts.scala:866)
	at scala.tools.nsc.typechecker.Contexts$Context.withOuter$1(Contexts.scala:845)
	at scala.tools.nsc.typechecker.Contexts$Context.implicitss(Contexts.scala:866)
	at scala.tools.nsc.typechecker.Contexts$Context.withOuter$1(Contexts.scala:845)
	at scala.tools.nsc.typechecker.Contexts$Context.implicitss(Contexts.scala:866)
	at scala.tools.nsc.typechecker.Contexts$Context.withOuter$1(Contexts.scala:845)
	at scala.tools.nsc.typechecker.Contexts$Context.implicitss(Contexts.scala:866)
	at scala.tools.nsc.typechecker.Contexts$Context.withOuter$1(Contexts.scala:845)
	at scala.tools.nsc.typechecker.Contexts$Context.implicitss(Contexts.scala:866)
	at scala.tools.nsc.typechecker.Contexts$Context.withOuter$1(Contexts.scala:845)
	at scala.tools.nsc.typechecker.Contexts$Context.implicitss(Contexts.scala:866)
	at scala.tools.nsc.typechecker.Contexts$Context.withOuter$1(Contexts.scala:845)
	at scala.tools.nsc.typechecker.Contexts$Context.implicitss(Contexts.scala:866)
	at scala.tools.nsc.typechecker.Contexts$Context.withOuter$1(Contexts.scala:845)
	at scala.tools.nsc.typechecker.Contexts$Context.implicitss(Contexts.scala:866)
	at scala.tools.nsc.typechecker.Contexts$Context.withOuter$1(Contexts.scala:845)
	at scala.tools.nsc.typechecker.Contexts$Context.implicitss(Contexts.scala:866)
	at scala.tools.nsc.typechecker.Contexts$Context.withOuter$1(Contexts.scala:845)
	at scala.tools.nsc.typechecker.Contexts$Context.implicitss(Contexts.scala:866)
	at scala.tools.nsc.typechecker.Contexts$Context.withOuter$1(Contexts.scala:845)
	at scala.tools.nsc.typechecker.Contexts$Context.implicitss(Contexts.scala:866)
	at scala.tools.nsc.typechecker.Contexts$Context.withOuter$1(Contexts.scala:845)
	at scala.tools.nsc.typechecker.Contexts$Context.implicitss(Contexts.scala:866)
	at scala.tools.nsc.typechecker.Contexts$Context.withOuter$1(Contexts.scala:845)
	at scala.tools.nsc.typechecker.Contexts$Context.implicitss(Contexts.scala:866)
	at scala.tools.nsc.typechecker.Contexts$Context.withOuter$1(Contexts.scala:845)
	at scala.tools.nsc.typechecker.Contexts$Context.implicitss(Contexts.scala:866)
	at scala.tools.nsc.typechecker.Contexts$Context.withOuter$1(Contexts.scala:845)
	at scala.tools.nsc.typechecker.Contexts$Context.implicitss(Contexts.scala:866)
	at scala.tools.nsc.typechecker.Contexts$Context.withOuter$1(Contexts.scala:845)
	at scala.tools.nsc.typechecker.Contexts$Context.implicitss(Contexts.scala:866)
	at scala.tools.nsc.typechecker.Contexts$Context.withOuter$1(Contexts.scala:845)
	at scala.tools.nsc.typechecker.Contexts$Context.implicitss(Contexts.scala:866)
	at scala.tools.nsc.typechecker.Contexts$Context.withOuter$1(Contexts.scala:845)
	at scala.tools.nsc.typechecker.Contexts$Context.implicitss(Contexts.scala:866)
	at scala.tools.nsc.typechecker.Contexts$Context.withOuter$1(Contexts.scala:845)
	at scala.tools.nsc.typechecker.Contexts$Context.implicitss(Contexts.scala:866)
	at scala.tools.nsc.typechecker.Contexts$Context.withOuter$1(Contexts.scala:845)
	at scala.tools.nsc.typechecker.Contexts$Context.implicitss(Contexts.scala:866)
	at scala.tools.nsc.typechecker.Contexts$Context.withOuter$1(Contexts.scala:845)
	at scala.tools.nsc.typechecker.Contexts$Context.implicitss(Contexts.scala:866)
	at scala.tools.nsc.typechecker.Contexts$Context.withOuter$1(Contexts.scala:845)
	at scala.tools.nsc.typechecker.Contexts$Context.implicitss(Contexts.scala:866)
	at scala.tools.nsc.typechecker.Contexts$Context.withOuter$1(Contexts.scala:845)
	at scala.tools.nsc.typechecker.Contexts$Context.implicitss(Contexts.scala:866)
	at scala.tools.nsc.typechecker.Contexts$Context.withOuter$1(Contexts.scala:845)
	at scala.tools.nsc.typechecker.Contexts$Context.implicitss(Contexts.scala:866)
	at scala.tools.nsc.typechecker.Contexts$Context.withOuter$1(Contexts.scala:845)
	at scala.tools.nsc.typechecker.Contexts$Context.implicitss(Contexts.scala:866)
	at scala.tools.nsc.typechecker.Contexts$Context.withOuter$1(Contexts.scala:845)
	at scala.tools.nsc.typechecker.Contexts$Context.implicitss(Contexts.scala:866)
	at scala.tools.nsc.typechecker.Contexts$Context.withOuter$1(Contexts.scala:845)
	at scala.tools.nsc.typechecker.Contexts$Context.implicitss(Contexts.scala:866)
	at scala.tools.nsc.typechecker.Contexts$Context.withOuter$1(Contexts.scala:845)
	at scala.tools.nsc.typechecker.Contexts$Context.implicitss(Contexts.scala:866)
	at scala.tools.nsc.typechecker.Contexts$Context.withOuter$1(Contexts.scala:845)
	at scala.tools.nsc.typechecker.Contexts$Context.implicitss(Contexts.scala:866)
	at scala.tools.nsc.typechecker.Contexts$Context.withOuter$1(Contexts.scala:845)
	at scala.tools.nsc.typechecker.Contexts$Context.implicitss(Contexts.scala:866)
	at scala.tools.nsc.typechecker.Contexts$Context.withOuter$1(Contexts.scala:845)
	at scala.tools.nsc.typechecker.Contexts$Context.implicitss(Contexts.scala:866)
	at scala.tools.nsc.typechecker.Contexts$Context.withOuter$1(Contexts.scala:845)
	at scala.tools.nsc.typechecker.Contexts$Context.implicitss(Contexts.scala:866)
	at scala.tools.nsc.typechecker.Contexts$Context.withOuter$1(Contexts.scala:845)
	at scala.tools.nsc.typechecker.Contexts$Context.implicitss(Contexts.scala:866)
	at scala.tools.nsc.typechecker.Contexts$Context.withOuter$1(Contexts.scala:845)
	at scala.tools.nsc.typechecker.Contexts$Context.implicitss(Contexts.scala:866)
	at scala.tools.nsc.typechecker.Contexts$Context.withOuter$1(Contexts.scala:845)
	at scala.tools.nsc.typechecker.Contexts$Context.implicitss(Contexts.scala:866)
	at scala.tools.nsc.typechecker.Contexts$Context.withOuter$1(Contexts.scala:845)
	at scala.tools.nsc.typechecker.Contexts$Context.implicitss(Contexts.scala:866)
	at scala.tools.nsc.typechecker.Contexts$Context.withOuter$1(Contexts.scala:845)
	at scala.tools.nsc.typechecker.Contexts$Context.implicitss(Contexts.scala:866)
	at scala.tools.nsc.typechecker.Contexts$Context.withOuter$1(Contexts.scala:845)
	at scala.tools.nsc.typechecker.Contexts$Context.implicitss(Contexts.scala:866)
	at scala.tools.nsc.typechecker.Contexts$Context.withOuter$1(Contexts.scala:845)
	at scala.tools.nsc.typechecker.Contexts$Context.implicitss(Contexts.scala:866)
	at scala.tools.nsc.typechecker.Contexts$Context.withOuter$1(Contexts.scala:845)
	at scala.tools.nsc.typechecker.Contexts$Context.implicitss(Contexts.scala:866)
	at scala.tools.nsc.typechecker.Contexts$Context.withOuter$1(Contexts.scala:845)
	at scala.tools.nsc.typechecker.Contexts$Context.implicitss(Contexts.scala:866)
	at scala.tools.nsc.typechecker.Contexts$Context.withOuter$1(Contexts.scala:845)
	at scala.tools.nsc.typechecker.Contexts$Context.implicitss(Contexts.scala:866)
	at scala.tools.nsc.typechecker.Contexts$Context.withOuter$1(Contexts.scala:845)
	at scala.tools.nsc.typechecker.Contexts$Context.implicitss(Contexts.scala:866)
	at scala.tools.nsc.typechecker.Contexts$Context.withOuter$1(Contexts.scala:845)
	at scala.tools.nsc.typechecker.Contexts$Context.implicitss(Contexts.scala:866)
	at scala.tools.nsc.typechecker.Contexts$Context.withOuter$1(Contexts.scala:845)
	at scala.tools.nsc.typechecker.Contexts$Context.implicitss(Contexts.scala:866)
	at scala.tools.nsc.typechecker.Contexts$Context.withOuter$1(Contexts.scala:845)
	at scala.tools.nsc.typechecker.Contexts$Context.implicitss(Contexts.scala:866)
	at scala.tools.nsc.typechecker.Contexts$Context.withOuter$1(Contexts.scala:845)
	at scala.tools.nsc.typechecker.Contexts$Context.implicitss(Contexts.scala:866)
	at scala.tools.nsc.typechecker.Contexts$Context.withOuter$1(Contexts.scala:845)
	at scala.tools.nsc.typechecker.Contexts$Context.implicitss(Contexts.scala:866)
	at scala.tools.nsc.typechecker.Contexts$Context.withOuter$1(Contexts.scala:845)
	at scala.tools.nsc.typechecker.Contexts$Context.implicitss(Contexts.scala:866)
	at scala.tools.nsc.typechecker.Contexts$Context.withOuter$1(Contexts.scala:845)
	at scala.tools.nsc.typechecker.Contexts$Context.implicitss(Contexts.scala:866)
	at scala.tools.nsc.typechecker.Contexts$Context.withOuter$1(Contexts.scala:845)
	at scala.tools.nsc.typechecker.Contexts$Context.implicitss(Contexts.scala:866)
	at scala.tools.nsc.typechecker.Contexts$Context.withOuter$1(Contexts.scala:845)
	at scala.tools.nsc.typechecker.Contexts$Context.implicitss(Contexts.scala:866)
	at scala.tools.nsc.typechecker.Contexts$Context.withOuter$1(Contexts.scala:845)
	at scala.tools.nsc.typechecker.Contexts$Context.implicitss(Contexts.scala:866)
	at scala.tools.nsc.typechecker.Contexts$Context.withOuter$1(Contexts.scala:845)
	at scala.tools.nsc.typechecker.Contexts$Context.implicitss(Contexts.scala:866)
	at scala.tools.nsc.typechecker.Contexts$Context.withOuter$1(Contexts.scala:845)
	at scala.tools.nsc.typechecker.Contexts$Context.implicitss(Contexts.scala:866)
	at scala.tools.nsc.typechecker.Contexts$Context.withOuter$1(Contexts.scala:845)
	at scala.tools.nsc.typechecker.Contexts$Context.implicitss(Contexts.scala:866)
	at scala.tools.nsc.typechecker.Contexts$Context.withOuter$1(Contexts.scala:845)
	at scala.tools.nsc.typechecker.Contexts$Context.implicitss(Contexts.scala:866)
	at scala.tools.nsc.typechecker.Contexts$Context.withOuter$1(Contexts.scala:845)
	at scala.tools.nsc.typechecker.Contexts$Context.implicitss(Contexts.scala:866)
	at scala.tools.nsc.typechecker.Contexts$Context.withOuter$1(Contexts.scala:845)
	at scala.tools.nsc.typechecker.Contexts$Context.implicitss(Contexts.scala:866)
	at scala.tools.nsc.typechecker.Contexts$Context.withOuter$1(Contexts.scala:845)
	at scala.tools.nsc.typechecker.Contexts$Context.implicitss(Contexts.scala:866)
	at scala.tools.nsc.typechecker.Contexts$Context.withOuter$1(Contexts.scala:845)
	at scala.tools.nsc.typechecker.Contexts$Context.implicitss(Contexts.scala:866)
	at scala.tools.nsc.typechecker.Contexts$Context.withOuter$1(Contexts.scala:845)
	at scala.tools.nsc.typechecker.Contexts$Context.implicitss(Contexts.scala:866)
	at scala.tools.nsc.typechecker.Contexts$Context.withOuter$1(Contexts.scala:845)
	at scala.tools.nsc.typechecker.Contexts$Context.implicitss(Contexts.scala:866)
	at scala.tools.nsc.typechecker.Contexts$Context.withOuter$1(Contexts.scala:845)
	at scala.tools.nsc.typechecker.Contexts$Context.implicitss(Contexts.scala:866)
	at scala.tools.nsc.typechecker.Contexts$Context.withOuter$1(Contexts.scala:845)
	at scala.tools.nsc.typechecker.Contexts$Context.implicitss(Contexts.scala:866)
	at scala.tools.nsc.typechecker.Contexts$Context.withOuter$1(Contexts.scala:845)
	at scala.tools.nsc.typechecker.Contexts$Context.implicitss(Contexts.scala:866)
	at scala.tools.nsc.typechecker.Contexts$Context.withOuter$1(Contexts.scala:845)
	at scala.tools.nsc.typechecker.Contexts$Context.implicitss(Contexts.scala:866)
	at scala.tools.nsc.typechecker.Contexts$Context.withOuter$1(Contexts.scala:845)
	at scala.tools.nsc.typechecker.Contexts$Context.implicitss(Contexts.scala:866)
	at scala.tools.nsc.typechecker.Contexts$Context.withOuter$1(Contexts.scala:845)
	at scala.tools.nsc.typechecker.Contexts$Context.implicitss(Contexts.scala:866)
	at scala.tools.nsc.typechecker.Contexts$Context.withOuter$1(Contexts.scala:845)
	at scala.tools.nsc.typechecker.Contexts$Context.implicitss(Contexts.scala:866)
	at scala.tools.nsc.typechecker.Contexts$Context.withOuter$1(Contexts.scala:845)
	at scala.tools.nsc.typechecker.Contexts$Context.implicitss(Contexts.scala:866)
	at scala.tools.nsc.typechecker.Contexts$Context.withOuter$1(Contexts.scala:845)
	at scala.tools.nsc.typechecker.Contexts$Context.implicitss(Contexts.scala:866)
	at scala.tools.nsc.typechecker.Contexts$Context.withOuter$1(Contexts.scala:845)
	at scala.tools.nsc.typechecker.Contexts$Context.implicitss(Contexts.scala:866)
	at scala.tools.nsc.typechecker.Contexts$Context.withOuter$1(Contexts.scala:845)
	at scala.tools.nsc.typechecker.Contexts$Context.implicitss(Contexts.scala:866)
	at scala.tools.nsc.typechecker.Contexts$Context.withOuter$1(Contexts.scala:845)
	at scala.tools.nsc.typechecker.Contexts$Context.implicitss(Contexts.scala:866)
	at scala.tools.nsc.typechecker.Contexts$Context.withOuter$1(Contexts.scala:845)
	at scala.tools.nsc.typechecker.Contexts$Context.implicitss(Contexts.scala:866)
	at scala.tools.nsc.typechecker.Contexts$Context.withOuter$1(Contexts.scala:845)
	at scala.tools.nsc.typechecker.Contexts$Context.implicitss(Contexts.scala:866)
	at scala.tools.nsc.typechecker.Contexts$Context.withOuter$1(Contexts.scala:845)
	at scala.tools.nsc.typechecker.Contexts$Context.implicitss(Contexts.scala:866)
	at scala.tools.nsc.typechecker.Contexts$Context.withOuter$1(Contexts.scala:845)
	at scala.tools.nsc.typechecker.Contexts$Context.implicitss(Contexts.scala:866)
	at scala.tools.nsc.typechecker.Contexts$Context.withOuter$1(Contexts.scala:845)
	at scala.tools.nsc.typechecker.Contexts$Context.implicitss(Contexts.scala:866)
	at scala.tools.nsc.typechecker.Contexts$Context.withOuter$1(Contexts.scala:845)
	at scala.tools.nsc.typechecker.Contexts$Context.implicitss(Contexts.scala:866)
	at scala.tools.nsc.typechecker.Contexts$Context.withOuter$1(Contexts.scala:845)
	at scala.tools.nsc.typechecker.Contexts$Context.implicitss(Contexts.scala:866)
	at scala.tools.nsc.typechecker.Contexts$Context.withOuter$1(Contexts.scala:845)
	at scala.tools.nsc.typechecker.Contexts$Context.implicitss(Contexts.scala:866)
	at scala.tools.nsc.typechecker.Contexts$Context.withOuter$1(Contexts.scala:845)
	at scala.tools.nsc.typechecker.Contexts$Context.implicitss(Contexts.scala:866)
	at scala.tools.nsc.typechecker.Contexts$Context.withOuter$1(Contexts.scala:845)
	at scala.tools.nsc.typechecker.Contexts$Context.implicitss(Contexts.scala:866)
	at scala.tools.nsc.typechecker.Contexts$Context.withOuter$1(Contexts.scala:845)
	at scala.tools.nsc.typechecker.Contexts$Context.implicitss(Contexts.scala:866)
	at scala.tools.nsc.typechecker.Contexts$Context.withOuter$1(Contexts.scala:845)
	at scala.tools.nsc.typechecker.Contexts$Context.implicitss(Contexts.scala:866)
	at scala.tools.nsc.typechecker.Contexts$Context.withOuter$1(Contexts.scala:845)
	at scala.tools.nsc.typechecker.Contexts$Context.implicitss(Contexts.scala:866)
	at scala.tools.nsc.typechecker.Contexts$Context.withOuter$1(Contexts.scala:845)
	at scala.tools.nsc.typechecker.Contexts$Context.implicitss(Contexts.scala:866)
	at scala.tools.nsc.typechecker.Contexts$Context.withOuter$1(Contexts.scala:845)
	at scala.tools.nsc.typechecker.Contexts$Context.implicitss(Contexts.scala:866)
	at scala.tools.nsc.typechecker.Contexts$Context.withOuter$1(Contexts.scala:845)
	at scala.tools.nsc.typechecker.Contexts$Context.implicitss(Contexts.scala:866)
	at scala.tools.nsc.typechecker.Contexts$Context.withOuter$1(Contexts.scala:845)
	at scala.tools.nsc.typechecker.Contexts$Context.implicitss(Contexts.scala:866)
	at scala.tools.nsc.typechecker.Contexts$Context.withOuter$1(Contexts.scala:845)
	at scala.tools.nsc.typechecker.Contexts$Context.implicitss(Contexts.scala:866)
	at scala.tools.nsc.typechecker.Contexts$Context.withOuter$1(Contexts.scala:845)
	at scala.tools.nsc.typechecker.Contexts$Context.implicitss(Contexts.scala:866)
	at scala.tools.nsc.typechecker.Contexts$Context.withOuter$1(Contexts.scala:845)
	at scala.tools.nsc.typechecker.Contexts$Context.implicitss(Contexts.scala:866)
	at scala.tools.nsc.typechecker.Contexts$Context.withOuter$1(Contexts.scala:845)
	at scala.tools.nsc.typechecker.Contexts$Context.implicitss(Contexts.scala:866)
	at scala.tools.nsc.typechecker.Contexts$Context.withOuter$1(Contexts.scala:845)
	at scala.tools.nsc.typechecker.Contexts$Context.implicitss(Contexts.scala:866)
	at scala.tools.nsc.typechecker.Contexts$Context.withOuter$1(Contexts.scala:845)
	at scala.tools.nsc.typechecker.Contexts$Context.implicitss(Contexts.scala:866)
	at scala.tools.nsc.typechecker.Contexts$Context.withOuter$1(Contexts.scala:845)
	at scala.tools.nsc.typechecker.Contexts$Context.implicitss(Contexts.scala:866)
	at scala.tools.nsc.typechecker.Contexts$Context.withOuter$1(Contexts.scala:845)
	at scala.tools.nsc.typechecker.Contexts$Context.implicitss(Contexts.scala:866)
	at scala.tools.nsc.typechecker.Contexts$Context.withOuter$1(Contexts.scala:845)
	at scala.tools.nsc.typechecker.Contexts$Context.implicitss(Contexts.scala:866)
	at scala.tools.nsc.typechecker.Contexts$Context.withOuter$1(Contexts.scala:845)
	at scala.tools.nsc.typechecker.Contexts$Context.implicitss(Contexts.scala:866)
	at scala.tools.nsc.typechecker.Contexts$Context.withOuter$1(Contexts.scala:845)
	at scala.tools.nsc.typechecker.Contexts$Context.implicitss(Contexts.scala:866)
	at scala.tools.nsc.typechecker.Contexts$Context.withOuter$1(Contexts.scala:845)
	at scala.tools.nsc.typechecker.Contexts$Context.implicitss(Contexts.scala:866)
	at scala.tools.nsc.typechecker.Contexts$Context.withOuter$1(Contexts.scala:845)
	at scala.tools.nsc.typechecker.Contexts$Context.implicitss(Contexts.scala:866)
	at scala.tools.nsc.typechecker.Contexts$Context.withOuter$1(Contexts.scala:845)
	at scala.tools.nsc.typechecker.Contexts$Context.implicitss(Contexts.scala:866)
	at scala.tools.nsc.typechecker.Contexts$Context.withOuter$1(Contexts.scala:845)
	at scala.tools.nsc.typechecker.Contexts$Context.implicitss(Contexts.scala:866)
	at scala.tools.nsc.typechecker.Contexts$Context.withOuter$1(Contexts.scala:845)
	at scala.tools.nsc.typechecker.Contexts$Context.implicitss(Contexts.scala:866)
	at scala.tools.nsc.typechecker.Contexts$Context.withOuter$1(Contexts.scala:845)
	at scala.tools.nsc.typechecker.Contexts$Context.implicitss(Contexts.scala:866)
	at scala.tools.nsc.typechecker.Contexts$Context.withOuter$1(Contexts.scala:845)
	at scala.tools.nsc.typechecker.Contexts$Context.implicitss(Contexts.scala:866)
	at scala.tools.nsc.typechecker.Contexts$Context.withOuter$1(Contexts.scala:845)
	at scala.tools.nsc.typechecker.Contexts$Context.implicitss(Contexts.scala:866)
	at scala.tools.nsc.typechecker.Contexts$Context.withOuter$1(Contexts.scala:845)
	at scala.tools.nsc.typechecker.Contexts$Context.implicitss(Contexts.scala:866)
	at scala.tools.nsc.typechecker.Contexts$Context.withOuter$1(Contexts.scala:845)
	at scala.tools.nsc.typechecker.Contexts$Context.implicitss(Contexts.scala:866)
	at scala.tools.nsc.typechecker.Contexts$Context.withOuter$1(Contexts.scala:845)
	at scala.tools.nsc.typechecker.Contexts$Context.implicitss(Contexts.scala:866)
	at scala.tools.nsc.typechecker.Contexts$Context.withOuter$1(Contexts.scala:845)
	at scala.tools.nsc.typechecker.Contexts$Context.implicitss(Contexts.scala:866)
	at scala.tools.nsc.typechecker.Contexts$Context.withOuter$1(Contexts.scala:845)
	at scala.tools.nsc.typechecker.Contexts$Context.implicitss(Contexts.scala:866)
	at scala.tools.nsc.typechecker.Contexts$Context.withOuter$1(Contexts.scala:845)
	at scala.tools.nsc.typechecker.Contexts$Context.implicitss(Contexts.scala:866)
	at scala.tools.nsc.typechecker.Contexts$Context.withOuter$1(Contexts.scala:845)
	at scala.tools.nsc.typechecker.Contexts$Context.implicitss(Contexts.scala:866)
	at scala.tools.nsc.typechecker.Contexts$Context.withOuter$1(Contexts.scala:845)
	at scala.tools.nsc.typechecker.Contexts$Context.implicitss(Contexts.scala:866)
	at scala.tools.nsc.typechecker.Contexts$Context.withOuter$1(Contexts.scala:845)
	at scala.tools.nsc.typechecker.Contexts$Context.implicitss(Contexts.scala:866)
	at scala.tools.nsc.typechecker.Contexts$Context.withOuter$1(Contexts.scala:845)
	at scala.tools.nsc.typechecker.Contexts$Context.implicitss(Contexts.scala:866)
	at scala.tools.nsc.typechecker.Contexts$Context.withOuter$1(Contexts.scala:845)
	at scala.tools.nsc.typechecker.Contexts$Context.implicitss(Contexts.scala:866)
	at scala.tools.nsc.typechecker.Contexts$Context.withOuter$1(Contexts.scala:845)
	at scala.tools.nsc.typechecker.Contexts$Context.implicitss(Contexts.scala:866)
	at scala.tools.nsc.typechecker.Contexts$Context.withOuter$1(Contexts.scala:845)
	at scala.tools.nsc.typechecker.Contexts$Context.implicitss(Contexts.scala:866)
	at scala.tools.nsc.typechecker.Contexts$Context.withOuter$1(Contexts.scala:845)
	at scala.tools.nsc.typechecker.Contexts$Context.implicitss(Contexts.scala:866)
	at scala.tools.nsc.typechecker.Contexts$Context.withOuter$1(Contexts.scala:845)
	at scala.tools.nsc.typechecker.Contexts$Context.implicitss(Contexts.scala:866)
	at scala.tools.nsc.typechecker.Contexts$Context.withOuter$1(Contexts.scala:845)
	at scala.tools.nsc.typechecker.Contexts$Context.implicitss(Contexts.scala:866)
	at scala.tools.nsc.typechecker.Contexts$Context.withOuter$1(Contexts.scala:845)
	at scala.tools.nsc.typechecker.Contexts$Context.implicitss(Contexts.scala:866)
	at scala.tools.nsc.typechecker.Contexts$Context.withOuter$1(Contexts.scala:845)
	at scala.tools.nsc.typechecker.Contexts$Context.implicitss(Contexts.scala:866)
	at scala.tools.nsc.typechecker.Contexts$Context.withOuter$1(Contexts.scala:845)
	at scala.tools.nsc.typechecker.Contexts$Context.implicitss(Contexts.scala:866)
	at scala.tools.nsc.typechecker.Contexts$Context.withOuter$1(Contexts.scala:845)
	at scala.tools.nsc.typechecker.Contexts$Context.implicitss(Contexts.scala:866)
	at scala.tools.nsc.typechecker.Contexts$Context.withOuter$1(Contexts.scala:845)
	at scala.tools.nsc.typechecker.Contexts$Context.implicitss(Contexts.scala:866)
	at scala.tools.nsc.typechecker.Contexts$Context.withOuter$1(Contexts.scala:845)
	at scala.tools.nsc.typechecker.Contexts$Context.implicitss(Contexts.scala:866)
	at scala.tools.nsc.typechecker.Contexts$Context.withOuter$1(Contexts.scala:845)
	at scala.tools.nsc.typechecker.Contexts$Context.implicitss(Contexts.scala:866)
	at scala.tools.nsc.typechecker.Contexts$Context.withOuter$1(Contexts.scala:845)
	at scala.tools.nsc.typechecker.Contexts$Context.implicitss(Contexts.scala:866)
	at scala.tools.nsc.typechecker.Contexts$Context.withOuter$1(Contexts.scala:845)
	at scala.tools.nsc.typechecker.Contexts$Context.implicitss(Contexts.scala:866)
	at scala.tools.nsc.typechecker.Contexts$Context.withOuter$1(Contexts.scala:845)
	at scala.tools.nsc.typechecker.Contexts$Context.implicitss(Contexts.scala:866)
	at scala.tools.nsc.typechecker.Contexts$Context.withOuter$1(Contexts.scala:845)
	at scala.tools.nsc.typechecker.Contexts$Context.implicitss(Contexts.scala:866)
	at scala.tools.nsc.typechecker.Contexts$Context.withOuter$1(Contexts.scala:845)
	at scala.tools.nsc.typechecker.Contexts$Context.implicitss(Contexts.scala:866)
	at scala.tools.nsc.typechecker.Contexts$Context.withOuter$1(Contexts.scala:845)
	at scala.tools.nsc.typechecker.Contexts$Context.implicitss(Contexts.scala:866)
	at scala.tools.nsc.typechecker.Contexts$Context.withOuter$1(Contexts.scala:845)
	at scala.tools.nsc.typechecker.Contexts$Context.implicitss(Contexts.scala:866)
	at scala.tools.nsc.typechecker.Contexts$Context.withOuter$1(Contexts.scala:845)
	at scala.tools.nsc.typechecker.Contexts$Context.implicitss(Contexts.scala:866)
	at scala.tools.nsc.typechecker.Contexts$Context.withOuter$1(Contexts.scala:845)
	at scala.tools.nsc.typechecker.Contexts$Context.implicitss(Contexts.scala:866)
	at scala.tools.nsc.typechecker.Contexts$Context.withOuter$1(Contexts.scala:845)
	at scala.tools.nsc.typechecker.Contexts$Context.implicitss(Contexts.scala:866)
	at scala.tools.nsc.typechecker.Contexts$Context.withOuter$1(Contexts.scala:845)
	at scala.tools.nsc.typechecker.Contexts$Context.implicitss(Contexts.scala:866)
	at scala.tools.nsc.typechecker.Contexts$Context.withOuter$1(Contexts.scala:845)
	at scala.tools.nsc.typechecker.Contexts$Context.implicitss(Contexts.scala:866)
	at scala.tools.nsc.typechecker.Contexts$Context.withOuter$1(Contexts.scala:845)
	at scala.tools.nsc.typechecker.Contexts$Context.implicitss(Contexts.scala:866)
	at scala.tools.nsc.typechecker.Contexts$Context.withOuter$1(Contexts.scala:845)
	at scala.tools.nsc.typechecker.Contexts$Context.implicitss(Contexts.scala:866)
	at scala.tools.nsc.typechecker.Contexts$Context.withOuter$1(Contexts.scala:845)
	at scala.tools.nsc.typechecker.Contexts$Context.implicitss(Contexts.scala:866)
	at scala.tools.nsc.typechecker.Contexts$Context.withOuter$1(Contexts.scala:845)
	at scala.tools.nsc.typechecker.Contexts$Context.implicitss(Contexts.scala:866)
	at scala.tools.nsc.typechecker.Contexts$Context.withOuter$1(Contexts.scala:845)
	at scala.tools.nsc.typechecker.Contexts$Context.implicitss(Contexts.scala:866)
	at scala.tools.nsc.typechecker.Contexts$Context.withOuter$1(Contexts.scala:845)
	at scala.tools.nsc.typechecker.Contexts$Context.implicitss(Contexts.scala:866)
	at scala.tools.nsc.typechecker.Contexts$Context.withOuter$1(Contexts.scala:845)
	at scala.tools.nsc.typechecker.Contexts$Context.implicitss(Contexts.scala:866)
	at scala.tools.nsc.typechecker.Contexts$Context.withOuter$1(Contexts.scala:845)
	at scala.tools.nsc.typechecker.Contexts$Context.implicitss(Contexts.scala:866)
	at scala.tools.nsc.typechecker.Contexts$Context.withOuter$1(Contexts.scala:845)
	at scala.tools.nsc.typechecker.Contexts$Context.implicitss(Contexts.scala:866)
	at scala.tools.nsc.typechecker.Contexts$Context.withOuter$1(Contexts.scala:845)
	at scala.tools.nsc.typechecker.Contexts$Context.implicitss(Contexts.scala:866)
	at scala.tools.nsc.typechecker.Contexts$Context.withOuter$1(Contexts.scala:845)
	at scala.tools.nsc.typechecker.Contexts$Context.implicitss(Contexts.scala:866)
	at scala.tools.nsc.typechecker.Contexts$Context.withOuter$1(Contexts.scala:845)
	at scala.tools.nsc.typechecker.Contexts$Context.implicitss(Contexts.scala:866)
	at scala.tools.nsc.typechecker.Contexts$Context.withOuter$1(Contexts.scala:845)
	at scala.tools.nsc.typechecker.Contexts$Context.implicitss(Contexts.scala:866)
	at scala.tools.nsc.typechecker.Contexts$Context.withOuter$1(Contexts.scala:845)
	at scala.tools.nsc.typechecker.Contexts$Context.implicitss(Contexts.scala:866)
	at scala.tools.nsc.typechecker.Contexts$Context.withOuter$1(Contexts.scala:845)
	at scala.tools.nsc.typechecker.Contexts$Context.implicitss(Contexts.scala:866)
	at scala.tools.nsc.typechecker.Contexts$Context.withOuter$1(Contexts.scala:845)
	at scala.tools.nsc.typechecker.Contexts$Context.implicitss(Contexts.scala:866)
	at scala.tools.nsc.typechecker.Contexts$Context.withOuter$1(Contexts.scala:845)
	at scala.tools.nsc.typechecker.Contexts$Context.implicitss(Contexts.scala:866)
	at scala.tools.nsc.typechecker.Contexts$Context.withOuter$1(Contexts.scala:845)
	at scala.tools.nsc.typechecker.Contexts$Context.implicitss(Contexts.scala:866)
	at scala.tools.nsc.typechecker.Contexts$Context.withOuter$1(Contexts.scala:845)
	at scala.tools.nsc.typechecker.Contexts$Context.implicitss(Contexts.scala:866)
	at scala.tools.nsc.typechecker.Contexts$Context.withOuter$1(Contexts.scala:845)
	at scala.tools.nsc.typechecker.Contexts$Context.implicitss(Contexts.scala:866)
	at scala.tools.nsc.typechecker.Contexts$Context.withOuter$1(Contexts.scala:845)
	at scala.tools.nsc.typechecker.Contexts$Context.implicitss(Contexts.scala:866)
	at scala.tools.nsc.typechecker.Contexts$Context.withOuter$1(Contexts.scala:845)
	at scala.tools.nsc.typechecker.Contexts$Context.implicitss(Contexts.scala:866)
	at scala.tools.nsc.typechecker.Contexts$Context.withOuter$1(Contexts.scala:845)
	at scala.tools.nsc.typechecker.Contexts$Context.implicitss(Contexts.scala:866)
	at scala.tools.nsc.typechecker.Contexts$Context.withOuter$1(Contexts.scala:845)
	at scala.tools.nsc.typechecker.Contexts$Context.implicitss(Contexts.scala:866)
	at scala.tools.nsc.typechecker.Contexts$Context.withOuter$1(Contexts.scala:845)
	at scala.tools.nsc.typechecker.Contexts$Context.implicitss(Contexts.scala:866)
	at scala.tools.nsc.typechecker.Contexts$Context.withOuter$1(Contexts.scala:845)
	at scala.tools.nsc.typechecker.Contexts$Context.implicitss(Contexts.scala:866)
	at scala.tools.nsc.typechecker.Contexts$Context.withOuter$1(Contexts.scala:845)
	at scala.tools.nsc.typechecker.Contexts$Context.implicitss(Contexts.scala:866)
	at scala.tools.nsc.typechecker.Contexts$Context.withOuter$1(Contexts.scala:845)
	at scala.tools.nsc.typechecker.Contexts$Context.implicitss(Contexts.scala:866)
	at scala.tools.nsc.typechecker.Contexts$Context.withOuter$1(Contexts.scala:845)
	at scala.tools.nsc.typechecker.Contexts$Context.implicitss(Contexts.scala:866)
	at scala.tools.nsc.typechecker.Contexts$Context.withOuter$1(Contexts.scala:845)
	at scala.tools.nsc.typechecker.Contexts$Context.implicitss(Contexts.scala:866)
	at scala.tools.nsc.typechecker.Contexts$Context.withOuter$1(Contexts.scala:845)
	at scala.tools.nsc.typechecker.Contexts$Context.implicitss(Contexts.scala:866)
	at scala.tools.nsc.typechecker.Contexts$Context.withOuter$1(Contexts.scala:845)
	at scala.tools.nsc.typechecker.Contexts$Context.implicitss(Contexts.scala:866)
	at scala.tools.nsc.typechecker.Contexts$Context.withOuter$1(Contexts.scala:845)
	at scala.tools.nsc.typechecker.Contexts$Context.implicitss(Contexts.scala:866)
	at scala.tools.nsc.typechecker.Contexts$Context.withOuter$1(Contexts.scala:845)
	at scala.tools.nsc.typechecker.Contexts$Context.implicitss(Contexts.scala:866)
	at scala.tools.nsc.typechecker.Contexts$Context.withOuter$1(Contexts.scala:845)
	at scala.tools.nsc.typechecker.Contexts$Context.implicitss(Contexts.scala:866)
	at scala.tools.nsc.typechecker.Contexts$Context.withOuter$1(Contexts.scala:845)
	at scala.tools.nsc.typechecker.Contexts$Context.implicitss(Contexts.scala:866)
	at scala.tools.nsc.typechecker.Contexts$Context.withOuter$1(Contexts.scala:845)
	at scala.tools.nsc.typechecker.Contexts$Context.implicitss(Contexts.scala:866)
	at scala.tools.nsc.typechecker.Contexts$Context.withOuter$1(Contexts.scala:845)
	at scala.tools.nsc.typechecker.Contexts$Context.implicitss(Contexts.scala:866)
	at scala.tools.nsc.typechecker.Contexts$Context.withOuter$1(Contexts.scala:845)
	at scala.tools.nsc.typechecker.Contexts$Context.implicitss(Contexts.scala:866)
	at scala.tools.nsc.typechecker.Contexts$Context.withOuter$1(Contexts.scala:845)
	at scala.tools.nsc.typechecker.Contexts$Context.implicitss(Contexts.scala:866)
	at scala.tools.nsc.typechecker.Contexts$Context.withOuter$1(Contexts.scala:845)
	at scala.tools.nsc.typechecker.Contexts$Context.implicitss(Contexts.scala:866)
	at scala.tools.nsc.typechecker.Contexts$Context.withOuter$1(Contexts.scala:845)
	at scala.tools.nsc.typechecker.Contexts$Context.implicitss(Contexts.scala:866)
	at scala.tools.nsc.typechecker.Contexts$Context.withOuter$1(Contexts.scala:845)
	at scala.tools.nsc.typechecker.Contexts$Context.implicitss(Contexts.scala:866)
	at scala.tools.nsc.typechecker.Contexts$Context.withOuter$1(Contexts.scala:845)
	at scala.tools.nsc.typechecker.Contexts$Context.implicitss(Contexts.scala:866)
	at scala.tools.nsc.typechecker.Contexts$Context.withOuter$1(Contexts.scala:845)
	at scala.tools.nsc.typechecker.Contexts$Context.implicitss(Contexts.scala:866)
	at scala.tools.nsc.typechecker.Contexts$Context.withOuter$1(Contexts.scala:845)
	at scala.tools.nsc.typechecker.Contexts$Context.implicitss(Contexts.scala:866)
	at scala.tools.nsc.typechecker.Contexts$Context.withOuter$1(Contexts.scala:845)
	at scala.tools.nsc.typechecker.Contexts$Context.implicitss(Contexts.scala:866)
	at scala.tools.nsc.typechecker.Contexts$Context.withOuter$1(Contexts.scala:845)
	at scala.tools.nsc.typechecker.Contexts$Context.implicitss(Contexts.scala:866)
	at scala.tools.nsc.typechecker.Contexts$Context.withOuter$1(Contexts.scala:845)
	at scala.tools.nsc.typechecker.Contexts$Context.implicitss(Contexts.scala:866)
	at scala.tools.nsc.typechecker.Contexts$Context.withOuter$1(Contexts.scala:845)
	at scala.tools.nsc.typechecker.Contexts$Context.implicitss(Contexts.scala:866)
	at scala.tools.nsc.typechecker.Contexts$Context.withOuter$1(Contexts.scala:845)
	at scala.tools.nsc.typechecker.Contexts$Context.implicitss(Contexts.scala:866)
	at scala.tools.nsc.typechecker.Contexts$Context.withOuter$1(Contexts.scala:845)
	at scala.tools.nsc.typechecker.Contexts$Context.implicitss(Contexts.scala:866)
	at scala.tools.nsc.typechecker.Contexts$Context.withOuter$1(Contexts.scala:845)
	at scala.tools.nsc.typechecker.Contexts$Context.implicitss(Contexts.scala:866)
	at scala.tools.nsc.typechecker.Contexts$Context.withOuter$1(Contexts.scala:845)
	at scala.tools.nsc.typechecker.Contexts$Context.implicitss(Contexts.scala:866)
	at scala.tools.nsc.typechecker.Contexts$Context.withOuter$1(Contexts.scala:845)
	at scala.tools.nsc.typechecker.Contexts$Context.implicitss(Contexts.scala:866)
	at scala.tools.nsc.typechecker.Contexts$Context.withOuter$1(Contexts.scala:845)
	at scala.tools.nsc.typechecker.Contexts$Context.implicitss(Contexts.scala:866)
	at scala.tools.nsc.typechecker.Contexts$Context.withOuter$1(Contexts.scala:845)
	at scala.tools.nsc.typechecker.Contexts$Context.implicitss(Contexts.scala:866)
	at scala.tools.nsc.typechecker.Contexts$Context.withOuter$1(Contexts.scala:845)
	at scala.tools.nsc.typechecker.Contexts$Context.implicitss(Contexts.scala:866)
	at scala.tools.nsc.typechecker.Contexts$Context.withOuter$1(Contexts.scala:845)
	at scala.tools.nsc.typechecker.Contexts$Context.implicitss(Contexts.scala:866)
	at scala.tools.nsc.typechecker.Contexts$Context.withOuter$1(Contexts.scala:845)
	at scala.tools.nsc.typechecker.Contexts$Context.implicitss(Contexts.scala:866)
	at scala.tools.nsc.typechecker.Contexts$Context.withOuter$1(Contexts.scala:845)
	at scala.tools.nsc.typechecker.Contexts$Context.implicitss(Contexts.scala:866)
	at scala.tools.nsc.typechecker.Contexts$Context.withOuter$1(Contexts.scala:845)
	at scala.tools.nsc.typechecker.Contexts$Context.implicitss(Contexts.scala:866)
	at scala.tools.nsc.typechecker.Contexts$Context.withOuter$1(Contexts.scala:845)
	at scala.tools.nsc.typechecker.Contexts$Context.implicitss(Contexts.scala:866)
	at scala.tools.nsc.typechecker.Contexts$Context.withOuter$1(Contexts.scala:845)
	at scala.tools.nsc.typechecker.Contexts$Context.implicitss(Contexts.scala:866)
	at scala.tools.nsc.typechecker.Contexts$Context.withOuter$1(Contexts.scala:845)
	at scala.tools.nsc.typechecker.Contexts$Context.implicitss(Contexts.scala:866)
	at scala.tools.nsc.typechecker.Contexts$Context.withOuter$1(Contexts.scala:845)
	at scala.tools.nsc.typechecker.Contexts$Context.implicitss(Contexts.scala:866)
	at scala.tools.nsc.typechecker.Contexts$Context.withOuter$1(Contexts.scala:845)
	at scala.tools.nsc.typechecker.Contexts$Context.implicitss(Contexts.scala:866)
	at scala.tools.nsc.typechecker.Contexts$Context.withOuter$1(Contexts.scala:845)
	at scala.tools.nsc.typechecker.Contexts$Context.implicitss(Contexts.scala:866)
	at scala.tools.nsc.typechecker.Contexts$Context.withOuter$1(Contexts.scala:845)
	at scala.tools.nsc.typechecker.Contexts$Context.implicitss(Contexts.scala:866)
	at scala.tools.nsc.typechecker.Contexts$Context.withOuter$1(Contexts.scala:845)
	at scala.tools.nsc.typechecker.Contexts$Context.implicitss(Contexts.scala:866)
	at scala.tools.nsc.typechecker.Contexts$Context.withOuter$1(Contexts.scala:845)
	at scala.tools.nsc.typechecker.Contexts$Context.implicitss(Contexts.scala:866)
	at scala.tools.nsc.typechecker.Contexts$Context.withOuter$1(Contexts.scala:845)
	at scala.tools.nsc.typechecker.Contexts$Context.implicitss(Contexts.scala:866)
	at scala.tools.nsc.typechecker.Contexts$Context.withOuter$1(Contexts.scala:845)
	at scala.tools.nsc.typechecker.Contexts$Context.implicitss(Contexts.scala:866)
	at scala.tools.nsc.typechecker.Contexts$Context.withOuter$1(Contexts.scala:845)
	at scala.tools.nsc.typechecker.Contexts$Context.implicitss(Contexts.scala:866)
	at scala.tools.nsc.typechecker.Contexts$Context.withOuter$1(Contexts.scala:845)
	at scala.tools.nsc.typechecker.Contexts$Context.implicitss(Contexts.scala:866)
	at scala.tools.nsc.typechecker.Contexts$Context.withOuter$1(Contexts.scala:845)
	at scala.tools.nsc.typechecker.Contexts$Context.implicitss(Contexts.scala:866)
	at scala.tools.nsc.typechecker.Contexts$Context.withOuter$1(Contexts.scala:845)
	at scala.tools.nsc.typechecker.Contexts$Context.implicitss(Contexts.scala:866)
	at scala.tools.nsc.typechecker.Contexts$Context.withOuter$1(Contexts.scala:845)
	at scala.tools.nsc.typechecker.Contexts$Context.implicitss(Contexts.scala:866)
	at scala.tools.nsc.typechecker.Contexts$Context.withOuter$1(Contexts.scala:845)
	at scala.tools.nsc.typechecker.Contexts$Context.implicitss(Contexts.scala:866)
	at scala.tools.nsc.typechecker.Contexts$Context.withOuter$1(Contexts.scala:845)
	at scala.tools.nsc.typechecker.Contexts$Context.implicitss(Contexts.scala:866)
	at scala.tools.nsc.typechecker.Contexts$Context.withOuter$1(Contexts.scala:845)
	at scala.tools.nsc.typechecker.Contexts$Context.implicitss(Contexts.scala:866)
	at scala.tools.nsc.typechecker.Contexts$Context.withOuter$1(Contexts.scala:845)
	at scala.tools.nsc.typechecker.Contexts$Context.implicitss(Contexts.scala:866)
	at scala.tools.nsc.typechecker.Contexts$Context.withOuter$1(Contexts.scala:845)
	at scala.tools.nsc.typechecker.Contexts$Context.implicitss(Contexts.scala:866)
	at scala.tools.nsc.typechecker.Contexts$Context.withOuter$1(Contexts.scala:845)
	at scala.tools.nsc.typechecker.Contexts$Context.implicitss(Contexts.scala:866)
	at scala.tools.nsc.typechecker.Contexts$Context.withOuter$1(Contexts.scala:845)
	at scala.tools.nsc.typechecker.Contexts$Context.implicitss(Contexts.scala:866)
	at scala.tools.nsc.typechecker.Contexts$Context.withOuter$1(Contexts.scala:845)
	at scala.tools.nsc.typechecker.Contexts$Context.implicitss(Contexts.scala:866)
	at scala.tools.nsc.typechecker.Contexts$Context.withOuter$1(Contexts.scala:845)
	at scala.tools.nsc.typechecker.Contexts$Context.implicitss(Contexts.scala:866)
	at scala.tools.nsc.typechecker.Contexts$Context.withOuter$1(Contexts.scala:845)
	at scala.tools.nsc.typechecker.Contexts$Context.implicitss(Contexts.scala:866)
	at scala.tools.nsc.typechecker.Contexts$Context.withOuter$1(Contexts.scala:845)
	at scala.tools.nsc.typechecker.Contexts$Context.implicitss(Contexts.scala:866)
	at scala.tools.nsc.typechecker.Contexts$Context.withOuter$1(Contexts.scala:845)
	at scala.tools.nsc.typechecker.Contexts$Context.implicitss(Contexts.scala:866)
	at scala.tools.nsc.typechecker.Contexts$Context.withOuter$1(Contexts.scala:845)
	at scala.tools.nsc.typechecker.Contexts$Context.implicitss(Contexts.scala:866)
	at scala.tools.nsc.typechecker.Contexts$Context.withOuter$1(Contexts.scala:845)
	at scala.tools.nsc.typechecker.Contexts$Context.implicitss(Contexts.scala:866)
	at scala.tools.nsc.typechecker.Contexts$Context.withOuter$1(Contexts.scala:845)
	at scala.tools.nsc.typechecker.Contexts$Context.implicitss(Contexts.scala:866)
	at scala.tools.nsc.typechecker.Contexts$Context.withOuter$1(Contexts.scala:845)
	at scala.tools.nsc.typechecker.Contexts$Context.implicitss(Contexts.scala:866)
	at scala.tools.nsc.typechecker.Contexts$Context.withOuter$1(Contexts.scala:845)
	at scala.tools.nsc.typechecker.Contexts$Context.implicitss(Contexts.scala:866)
	at scala.tools.nsc.typechecker.Contexts$Context.withOuter$1(Contexts.scala:845)
	at scala.tools.nsc.typechecker.Contexts$Context.implicitss(Contexts.scala:866)
	at scala.tools.nsc.typechecker.Contexts$Context.withOuter$1(Contexts.scala:845)
	at scala.tools.nsc.typechecker.Contexts$Context.implicitss(Contexts.scala:866)
	at scala.tools.nsc.typechecker.Contexts$Context.withOuter$1(Contexts.scala:845)
	at scala.tools.nsc.typechecker.Contexts$Context.implicitss(Contexts.scala:866)
	at scala.tools.nsc.typechecker.Contexts$Context.withOuter$1(Contexts.scala:845)
	at scala.tools.nsc.typechecker.Contexts$Context.implicitss(Contexts.scala:866)
	at scala.tools.nsc.typechecker.Contexts$Context.withOuter$1(Contexts.scala:845)
	at scala.tools.nsc.typechecker.Contexts$Context.implicitss(Contexts.scala:866)
	at scala.tools.nsc.typechecker.Contexts$Context.withOuter$1(Contexts.scala:845)
	at scala.tools.nsc.typechecker.Contexts$Context.implicitss(Contexts.scala:866)
	at scala.tools.nsc.typechecker.Contexts$Context.withOuter$1(Contexts.scala:845)
	at scala.tools.nsc.typechecker.Contexts$Context.implicitss(Contexts.scala:866)
	at scala.tools.nsc.typechecker.Contexts$Context.withOuter$1(Contexts.scala:845)
	at scala.tools.nsc.typechecker.Contexts$Context.implicitss(Contexts.scala:866)
	at scala.tools.nsc.typechecker.Contexts$Context.withOuter$1(Contexts.scala:845)
	at scala.tools.nsc.typechecker.Contexts$Context.implicitss(Contexts.scala:866)
	at scala.tools.nsc.typechecker.Contexts$Context.withOuter$1(Contexts.scala:845)
	at scala.tools.nsc.typechecker.Contexts$Context.implicitss(Contexts.scala:866)
	at scala.tools.nsc.typechecker.Contexts$Context.withOuter$1(Contexts.scala:845)
	at scala.tools.nsc.typechecker.Contexts$Context.implicitss(Contexts.scala:866)
	at scala.tools.nsc.typechecker.Contexts$Context.withOuter$1(Contexts.scala:845)
	at scala.tools.nsc.typechecker.Contexts$Context.implicitss(Contexts.scala:866)
	at scala.tools.nsc.typechecker.Contexts$Context.withOuter$1(Contexts.scala:845)
	at scala.tools.nsc.typechecker.Contexts$Context.implicitss(Contexts.scala:866)
	at scala.tools.nsc.typechecker.Contexts$Context.withOuter$1(Contexts.scala:845)
	at scala.tools.nsc.typechecker.Contexts$Context.implicitss(Contexts.scala:866)
	at scala.tools.nsc.typechecker.Contexts$Context.withOuter$1(Contexts.scala:845)
	at scala.tools.nsc.typechecker.Contexts$Context.implicitss(Contexts.scala:866)
	at scala.tools.nsc.typechecker.Contexts$Context.withOuter$1(Contexts.scala:845)
	at scala.tools.nsc.typechecker.Contexts$Context.implicitss(Contexts.scala:866)
	at scala.tools.nsc.typechecker.Contexts$Context.withOuter$1(Contexts.scala:845)
	at scala.tools.nsc.typechecker.Contexts$Context.implicitss(Contexts.scala:866)
	at scala.tools.nsc.typechecker.Contexts$Context.withOuter$1(Contexts.scala:845)
	at scala.tools.nsc.typechecker.Contexts$Context.implicitss(Contexts.scala:863)
	at scala.tools.nsc.typechecker.Implicits$ImplicitSearch.bestImplicit(Implicits.scala:1349)
	at scala.tools.nsc.typechecker.Implicits$class.inferImplicit(Implicits.scala:73)
	at scala.tools.nsc.Global$$anon$1.inferImplicit(Global.scala:463)
	at scala.tools.nsc.typechecker.Implicits$class.inferImplicit(Implicits.scala:38)
	at scala.tools.nsc.Global$$anon$1.inferImplicit(Global.scala:463)
	at scala.tools.nsc.typechecker.Implicits$ImplicitSearch.findManifest$1(Implicits.scala:1211)
	at scala.tools.nsc.typechecker.Implicits$ImplicitSearch.mot$1(Implicits.scala:1248)
	at scala.tools.nsc.typechecker.Implicits$ImplicitSearch.manifestOfType(Implicits.scala:1273)
	at scala.tools.nsc.typechecker.Implicits$ImplicitSearch.materializeImplicit(Implicits.scala:1316)
	at scala.tools.nsc.typechecker.Implicits$ImplicitSearch.bestImplicit(Implicits.scala:1370)
	at scala.tools.nsc.typechecker.Implicits$class.inferImplicit(Implicits.scala:73)
	at scala.tools.nsc.Global$$anon$1.inferImplicit(Global.scala:463)
	at scala.tools.nsc.typechecker.Implicits$class.inferImplicit(Implicits.scala:38)
	at scala.tools.nsc.Global$$anon$1.inferImplicit(Global.scala:463)
	at scala.tools.nsc.typechecker.Implicits$ImplicitSearch.findManifest$1(Implicits.scala:1211)
	at scala.tools.nsc.typechecker.Implicits$ImplicitSearch.scala$tools$nsc$typechecker$Implicits$ImplicitSearch$$findSubManifest$1(Implicits.scala:1213)
	at scala.tools.nsc.typechecker.Implicits$ImplicitSearch$$anonfun$26.apply(Implicits.scala:1241)
	at scala.tools.nsc.typechecker.Implicits$ImplicitSearch$$anonfun$26.apply(Implicits.scala:1241)
	at scala.collection.immutable.List.map(List.scala:273)
	at scala.tools.nsc.typechecker.Implicits$ImplicitSearch.mot$1(Implicits.scala:1241)
	at scala.tools.nsc.typechecker.Implicits$ImplicitSearch.manifestOfType(Implicits.scala:1273)
	at scala.tools.nsc.typechecker.Implicits$ImplicitSearch.materializeImplicit(Implicits.scala:1316)
	at scala.tools.nsc.typechecker.Implicits$ImplicitSearch.bestImplicit(Implicits.scala:1370)
	at scala.tools.nsc.typechecker.Implicits$class.inferImplicit(Implicits.scala:73)
	at scala.tools.nsc.Global$$anon$1.inferImplicit(Global.scala:463)
	at scala.tools.nsc.typechecker.Implicits$class.inferImplicit(Implicits.scala:38)
	at scala.tools.nsc.Global$$anon$1.inferImplicit(Global.scala:463)
	at scala.tools.nsc.typechecker.Implicits$ImplicitSearch.findManifest$1(Implicits.scala:1211)
	at scala.tools.nsc.typechecker.Implicits$ImplicitSearch.mot$1(Implicits.scala:1248)
	at scala.tools.nsc.typechecker.Implicits$ImplicitSearch.manifestOfType(Implicits.scala:1273)
	at scala.tools.nsc.typechecker.Implicits$ImplicitSearch.materializeImplicit(Implicits.scala:1316)
	at scala.tools.nsc.typechecker.Implicits$ImplicitSearch.bestImplicit(Implicits.scala:1370)
	at scala.tools.nsc.typechecker.Implicits$class.inferImplicit(Implicits.scala:73)
	at scala.tools.nsc.Global$$anon$1.inferImplicit(Global.scala:463)
	at scala.tools.nsc.typechecker.Implicits$class.inferImplicit(Implicits.scala:38)
	at scala.tools.nsc.Global$$anon$1.inferImplicit(Global.scala:463)
	at scala.tools.nsc.typechecker.Implicits$ImplicitSearch.findManifest$1(Implicits.scala:1211)
	at scala.tools.nsc.typechecker.Implicits$ImplicitSearch.scala$tools$nsc$typechecker$Implicits$ImplicitSearch$$findSubManifest$1(Implicits.scala:1213)
	at scala.tools.nsc.typechecker.Implicits$ImplicitSearch$$anonfun$26.apply(Implicits.scala:1241)
	at scala.tools.nsc.typechecker.Implicits$ImplicitSearch$$anonfun$26.apply(Implicits.scala:1241)
	at scala.collection.immutable.List.map(List.scala:273)
	at scala.tools.nsc.typechecker.Implicits$ImplicitSearch.mot$1(Implicits.scala:1241)
	at scala.tools.nsc.typechecker.Implicits$ImplicitSearch.manifestOfType(Implicits.scala:1273)
	at scala.tools.nsc.typechecker.Implicits$ImplicitSearch.materializeImplicit(Implicits.scala:1316)
	at scala.tools.nsc.typechecker.Implicits$ImplicitSearch.bestImplicit(Implicits.scala:1370)
	at scala.tools.nsc.typechecker.Implicits$class.inferImplicit(Implicits.scala:73)
	at scala.tools.nsc.Global$$anon$1.inferImplicit(Global.scala:463)
	at scala.tools.nsc.typechecker.Implicits$class.inferImplicit(Implicits.scala:38)
	at scala.tools.nsc.Global$$anon$1.inferImplicit(Global.scala:463)
	at scala.tools.nsc.typechecker.Implicits$ImplicitSearch.findManifest$1(Implicits.scala:1211)
	at scala.tools.nsc.typechecker.Implicits$ImplicitSearch.mot$1(Implicits.scala:1248)
	at scala.tools.nsc.typechecker.Implicits$ImplicitSearch.manifestOfType(Implicits.scala:1273)
	at scala.tools.nsc.typechecker.Implicits$ImplicitSearch.materializeImplicit(Implicits.scala:1316)
	at scala.tools.nsc.typechecker.Implicits$ImplicitSearch.bestImplicit(Implicits.scala:1370)
	at scala.tools.nsc.typechecker.Implicits$class.inferImplicit(Implicits.scala:73)
	at scala.tools.nsc.Global$$anon$1.inferImplicit(Global.scala:463)
	at scala.tools.nsc.typechecker.Implicits$class.inferImplicit(Implicits.scala:38)
	at scala.tools.nsc.Global$$anon$1.inferImplicit(Global.scala:463)
	at scala.tools.nsc.typechecker.Implicits$ImplicitSearch.findManifest$1(Implicits.scala:1211)
	at scala.tools.nsc.typechecker.Implicits$ImplicitSearch.scala$tools$nsc$typechecker$Implicits$ImplicitSearch$$findSubManifest$1(Implicits.scala:1213)
	at scala.tools.nsc.typechecker.Implicits$ImplicitSearch$$anonfun$26.apply(Implicits.scala:1241)
	at scala.tools.nsc.typechecker.Implicits$ImplicitSearch$$anonfun$26.apply(Implicits.scala:1241)
	at scala.collection.immutable.List.map(List.scala:273)
	at scala.tools.nsc.typechecker.Implicits$ImplicitSearch.mot$1(Implicits.scala:1241)
	at scala.tools.nsc.typechecker.Implicits$ImplicitSearch.manifestOfType(Implicits.scala:1273)
	at scala.tools.nsc.typechecker.Implicits$ImplicitSearch.materializeImplicit(Implicits.scala:1316)
	at scala.tools.nsc.typechecker.Implicits$ImplicitSearch.bestImplicit(Implicits.scala:1370)
	at scala.tools.nsc.typechecker.Implicits$class.inferImplicit(Implicits.scala:73)
	at scala.tools.nsc.Global$$anon$1.inferImplicit(Global.scala:463)
	at scala.tools.nsc.typechecker.Implicits$class.inferImplicit(Implicits.scala:38)
	at scala.tools.nsc.Global$$anon$1.inferImplicit(Global.scala:463)
	at scala.tools.nsc.typechecker.Implicits$ImplicitSearch.findManifest$1(Implicits.scala:1211)
	at scala.tools.nsc.typechecker.Implicits$ImplicitSearch.mot$1(Implicits.scala:1248)
	at scala.tools.nsc.typechecker.Implicits$ImplicitSearch.manifestOfType(Implicits.scala:1273)
	at scala.tools.nsc.typechecker.Implicits$ImplicitSearch.materializeImplicit(Implicits.scala:1316)
	at scala.tools.nsc.typechecker.Implicits$ImplicitSearch.bestImplicit(Implicits.scala:1370)
	at scala.tools.nsc.typechecker.Implicits$class.inferImplicit(Implicits.scala:73)
	at scala.tools.nsc.Global$$anon$1.inferImplicit(Global.scala:463)
	at scala.tools.nsc.typechecker.Implicits$class.inferImplicit(Implicits.scala:38)
	at scala.tools.nsc.Global$$anon$1.inferImplicit(Global.scala:463)
	at scala.tools.nsc.typechecker.Implicits$ImplicitSearch.findManifest$1(Implicits.scala:1211)
	at scala.tools.nsc.typechecker.Implicits$ImplicitSearch.scala$tools$nsc$typechecker$Implicits$ImplicitSearch$$findSubManifest$1(Implicits.scala:1213)
	at scala.tools.nsc.typechecker.Implicits$ImplicitSearch$$anonfun$26.apply(Implicits.scala:1241)
	at scala.tools.nsc.typechecker.Implicits$ImplicitSearch$$anonfun$26.apply(Implicits.scala:1241)
	at scala.collection.immutable.List.map(List.scala:273)
	at scala.tools.nsc.typechecker.Implicits$ImplicitSearch.mot$1(Implicits.scala:1241)
	at scala.tools.nsc.typechecker.Implicits$ImplicitSearch.manifestOfType(Implicits.scala:1273)
	at scala.tools.nsc.typechecker.Implicits$ImplicitSearch.materializeImplicit(Implicits.scala:1316)
	at scala.tools.nsc.typechecker.Implicits$ImplicitSearch.bestImplicit(Implicits.scala:1370)
	at scala.tools.nsc.typechecker.Implicits$class.inferImplicit(Implicits.scala:73)
	at scala.tools.nsc.Global$$anon$1.inferImplicit(Global.scala:463)
	at scala.tools.nsc.typechecker.Implicits$class.inferImplicit(Implicits.scala:38)
	at scala.tools.nsc.Global$$anon$1.inferImplicit(Global.scala:463)
	at scala.tools.nsc.typechecker.Implicits$ImplicitSearch.findManifest$1(Implicits.scala:1211)
	at scala.tools.nsc.typechecker.Implicits$ImplicitSearch.mot$1(Implicits.scala:1248)
	at scala.tools.nsc.typechecker.Implicits$ImplicitSearch.manifestOfType(Implicits.scala:1273)
	at scala.tools.nsc.typechecker.Implicits$ImplicitSearch.materializeImplicit(Implicits.scala:1316)
	at scala.tools.nsc.typechecker.Implicits$ImplicitSearch.bestImplicit(Implicits.scala:1370)
	at scala.tools.nsc.typechecker.Implicits$class.inferImplicit(Implicits.scala:73)
	at scala.tools.nsc.Global$$anon$1.inferImplicit(Global.scala:463)
	at scala.tools.nsc.typechecker.Implicits$class.inferImplicit(Implicits.scala:38)
	at scala.tools.nsc.Global$$anon$1.inferImplicit(Global.scala:463)
	at scala.tools.nsc.typechecker.Implicits$ImplicitSearch.findManifest$1(Implicits.scala:1211)
	at scala.tools.nsc.typechecker.Implicits$ImplicitSearch.scala$tools$nsc$typechecker$Implicits$ImplicitSearch$$findSubManifest$1(Implicits.scala:1213)
	at scala.tools.nsc.typechecker.Implicits$ImplicitSearch$$anonfun$26.apply(Implicits.scala:1241)
	at scala.tools.nsc.typechecker.Implicits$ImplicitSearch$$anonfun$26.apply(Implicits.scala:1241)
	at scala.collection.immutable.List.map(List.scala:273)
	at scala.tools.nsc.typechecker.Implicits$ImplicitSearch.mot$1(Implicits.scala:1241)
	at scala.tools.nsc.typechecker.Implicits$ImplicitSearch.manifestOfType(Implicits.scala:1273)
	at scala.tools.nsc.typechecker.Implicits$ImplicitSearch.materializeImplicit(Implicits.scala:1316)
	at scala.tools.nsc.typechecker.Implicits$ImplicitSearch.bestImplicit(Implicits.scala:1370)
	at scala.tools.nsc.typechecker.Implicits$class.inferImplicit(Implicits.scala:73)
	at scala.tools.nsc.Global$$anon$1.inferImplicit(Global.scala:463)
	at scala.tools.nsc.typechecker.Implicits$class.inferImplicit(Implicits.scala:38)
	at scala.tools.nsc.Global$$anon$1.inferImplicit(Global.scala:463)
	at scala.tools.nsc.typechecker.Implicits$ImplicitSearch.findManifest$1(Implicits.scala:1211)
	at scala.tools.nsc.typechecker.Implicits$ImplicitSearch.mot$1(Implicits.scala:1248)
	at scala.tools.nsc.typechecker.Implicits$ImplicitSearch.manifestOfType(Implicits.scala:1273)
	at scala.tools.nsc.typechecker.Implicits$ImplicitSearch.materializeImplicit(Implicits.scala:1316)
	at scala.tools.nsc.typechecker.Implicits$ImplicitSearch.bestImplicit(Implicits.scala:1370)
	at scala.tools.nsc.typechecker.Implicits$class.inferImplicit(Implicits.scala:73)
	at scala.tools.nsc.Global$$anon$1.inferImplicit(Global.scala:463)
	at scala.tools.nsc.typechecker.Implicits$class.inferImplicit(Implicits.scala:38)
	at scala.tools.nsc.Global$$anon$1.inferImplicit(Global.scala:463)
	at scala.tools.nsc.typechecker.Implicits$ImplicitSearch.findManifest$1(Implicits.scala:1211)
	at scala.tools.nsc.typechecker.Implicits$ImplicitSearch.scala$tools$nsc$typechecker$Implicits$ImplicitSearch$$findSubManifest$1(Implicits.scala:1213)
	at scala.tools.nsc.typechecker.Implicits$ImplicitSearch$$anonfun$26.apply(Implicits.scala:1241)
	at scala.tools.nsc.typechecker.Implicits$ImplicitSearch$$anonfun$26.apply(Implicits.scala:1241)
	at scala.collection.immutable.List.map(List.scala:273)
	at scala.tools.nsc.typechecker.Implicits$ImplicitSearch.mot$1(Implicits.scala:1241)
	at scala.tools.nsc.typechecker.Implicits$ImplicitSearch.manifestOfType(Implicits.scala:1273)
	at scala.tools.nsc.typechecker.Implicits$ImplicitSearch.materializeImplicit(Implicits.scala:1316)
	at scala.tools.nsc.typechecker.Implicits$ImplicitSearch.bestImplicit(Implicits.scala:1370)
	at scala.tools.nsc.typechecker.Implicits$class.inferImplicit(Implicits.scala:73)
	at scala.tools.nsc.Global$$anon$1.inferImplicit(Global.scala:463)
	at scala.tools.nsc.typechecker.Implicits$class.inferImplicit(Implicits.scala:38)
	at scala.tools.nsc.Global$$anon$1.inferImplicit(Global.scala:463)
	at scala.tools.nsc.typechecker.Implicits$ImplicitSearch.findManifest$1(Implicits.scala:1211)
	at scala.tools.nsc.typechecker.Implicits$ImplicitSearch.mot$1(Implicits.scala:1248)
	at scala.tools.nsc.typechecker.Implicits$ImplicitSearch.manifestOfType(Implicits.scala:1273)
	at scala.tools.nsc.typechecker.Implicits$ImplicitSearch.materializeImplicit(Implicits.scala:1316)
	at scala.tools.nsc.typechecker.Implicits$ImplicitSearch.bestImplicit(Implicits.scala:1370)
	at scala.tools.nsc.typechecker.Implicits$class.inferImplicit(Implicits.scala:73)
	at scala.tools.nsc.Global$$anon$1.inferImplicit(Global.scala:463)
	at scala.tools.nsc.typechecker.Implicits$class.inferImplicit(Implicits.scala:38)
	at scala.tools.nsc.Global$$anon$1.inferImplicit(Global.scala:463)
	at scala.tools.nsc.typechecker.Implicits$ImplicitSearch.findManifest$1(Implicits.scala:1211)
	at scala.tools.nsc.typechecker.Implicits$ImplicitSearch.scala$tools$nsc$typechecker$Implicits$ImplicitSearch$$findSubManifest$1(Implicits.scala:1213)
	at scala.tools.nsc.typechecker.Implicits$ImplicitSearch$$anonfun$26.apply(Implicits.scala:1241)
	at scala.tools.nsc.typechecker.Implicits$ImplicitSearch$$anonfun$26.apply(Implicits.scala:1241)
	at scala.collection.immutable.List.map(List.scala:273)
[error] (compile:compile) java.lang.StackOverflowError
